Component: ARM Compiler 5.06 update 6 (build 750) Tool: armlink [4d35ed]

==============================================================================

Section Cross References

    startup_stm32f103xb.o(RESET) refers to startup_stm32f103xb.o(STACK) for __initial_sp
    startup_stm32f103xb.o(RESET) refers to startup_stm32f103xb.o(.text) for Reset_Handler
    startup_stm32f103xb.o(RESET) refers to stm32f1xx_it.o(i.NMI_Handler) for NMI_Handler
    startup_stm32f103xb.o(RESET) refers to stm32f1xx_it.o(i.HardFault_Handler) for HardFault_Handler
    startup_stm32f103xb.o(RESET) refers to stm32f1xx_it.o(i.MemManage_Handler) for MemManage_Handler
    startup_stm32f103xb.o(RESET) refers to stm32f1xx_it.o(i.BusFault_Handler) for BusFault_Handler
    startup_stm32f103xb.o(RESET) refers to stm32f1xx_it.o(i.UsageFault_Handler) for UsageFault_Handler
    startup_stm32f103xb.o(RESET) refers to stm32f1xx_it.o(i.SVC_Handler) for SVC_Handler
    startup_stm32f103xb.o(RESET) refers to stm32f1xx_it.o(i.DebugMon_Handler) for DebugMon_Handler
    startup_stm32f103xb.o(RESET) refers to stm32f1xx_it.o(i.PendSV_Handler) for PendSV_Handler
    startup_stm32f103xb.o(RESET) refers to stm32f1xx_it.o(i.SysTick_Handler) for SysTick_Handler
    startup_stm32f103xb.o(RESET) refers to stm32f1xx_it.o(i.DMA1_Channel6_IRQHandler) for DMA1_Channel6_IRQHandler
    startup_stm32f103xb.o(RESET) refers to stm32f1xx_it.o(i.USB_LP_CAN1_RX0_IRQHandler) for USB_LP_CAN1_RX0_IRQHandler
    startup_stm32f103xb.o(RESET) refers to stm32f1xx_it.o(i.I2C1_EV_IRQHandler) for I2C1_EV_IRQHandler
    startup_stm32f103xb.o(.text) refers to system_stm32f1xx.o(i.SystemInit) for SystemInit
    startup_stm32f103xb.o(.text) refers to entry.o(.ARM.Collect$$$$00000000) for __main
    main.o(i.HAL_UART_RxCpltCallback) refers to stm32f1xx_hal_uart.o(i.HAL_UART_Transmit) for HAL_UART_Transmit
    main.o(i.HAL_UART_RxCpltCallback) refers to stm32f1xx_hal_uart.o(i.HAL_UART_Receive_DMA) for HAL_UART_Receive_DMA
    main.o(i.HAL_UART_RxCpltCallback) refers to main.o(.data) for .data
    main.o(i.HAL_UART_RxCpltCallback) refers to main.o(.bss) for .bss
    main.o(i.SystemClock_Config) refers to memseta.o(.text) for __aeabi_memclr4
    main.o(i.SystemClock_Config) refers to stm32f1xx_hal_rcc.o(i.HAL_RCC_OscConfig) for HAL_RCC_OscConfig
    main.o(i.SystemClock_Config) refers to stm32f1xx_hal_rcc.o(i.HAL_RCC_ClockConfig) for HAL_RCC_ClockConfig
    main.o(i.SystemClock_Config) refers to stm32f1xx_hal_rcc_ex.o(i.HAL_RCCEx_PeriphCLKConfig) for HAL_RCCEx_PeriphCLKConfig
    main.o(i.main) refers to stm32f1xx_hal.o(i.HAL_Init) for HAL_Init
    main.o(i.main) refers to main.o(i.SystemClock_Config) for SystemClock_Config
    main.o(i.main) refers to stm32f1xx_hal_cortex.o(i.HAL_NVIC_SetPriority) for HAL_NVIC_SetPriority
    main.o(i.main) refers to stm32f1xx_hal_cortex.o(i.HAL_NVIC_EnableIRQ) for HAL_NVIC_EnableIRQ
    main.o(i.main) refers to usb_device.o(i.MX_USB_DEVICE_Init) for MX_USB_DEVICE_Init
    main.o(i.main) refers to stm32f1xx_hal_i2c.o(i.HAL_I2C_Init) for HAL_I2C_Init
    main.o(i.main) refers to stm32f1xx_hal_uart.o(i.HAL_UART_Init) for HAL_UART_Init
    main.o(i.main) refers to stm32f1xx_hal_uart.o(i.HAL_UART_Receive_DMA) for HAL_UART_Receive_DMA
    main.o(i.main) refers to usbd_customhid.o(i.USBD_CUSTOM_HID_SendReport) for USBD_CUSTOM_HID_SendReport
    main.o(i.main) refers to stm32f1xx_hal.o(i.HAL_Delay) for HAL_Delay
    main.o(i.main) refers to main.o(.data) for .data
    main.o(i.main) refers to main.o(.bss) for .bss
    main.o(i.main) refers to usb_device.o(.bss) for hUsbDeviceFS
    usb_device.o(i.MX_USB_DEVICE_Init) refers to usbd_core.o(i.USBD_Init) for USBD_Init
    usb_device.o(i.MX_USB_DEVICE_Init) refers to main.o(i.Error_Handler) for Error_Handler
    usb_device.o(i.MX_USB_DEVICE_Init) refers to usbd_core.o(i.USBD_RegisterClass) for USBD_RegisterClass
    usb_device.o(i.MX_USB_DEVICE_Init) refers to usbd_customhid.o(i.USBD_CUSTOM_HID_RegisterInterface) for USBD_CUSTOM_HID_RegisterInterface
    usb_device.o(i.MX_USB_DEVICE_Init) refers to usbd_core.o(i.USBD_Start) for USBD_Start
    usb_device.o(i.MX_USB_DEVICE_Init) refers to usbd_desc.o(.data) for FS_Desc
    usb_device.o(i.MX_USB_DEVICE_Init) refers to usb_device.o(.bss) for .bss
    usb_device.o(i.MX_USB_DEVICE_Init) refers to usbd_customhid.o(.data) for USBD_CUSTOM_HID
    usb_device.o(i.MX_USB_DEVICE_Init) refers to usbd_custom_hid_if.o(.data) for USBD_CustomHID_fops_FS
    usbd_conf.o(i.HAL_PCD_ConnectCallback) refers to usbd_core.o(i.USBD_LL_DevConnected) for USBD_LL_DevConnected
    usbd_conf.o(i.HAL_PCD_DataInStageCallback) refers to usbd_core.o(i.USBD_LL_DataInStage) for USBD_LL_DataInStage
    usbd_conf.o(i.HAL_PCD_DataOutStageCallback) refers to usbd_core.o(i.USBD_LL_DataOutStage) for USBD_LL_DataOutStage
    usbd_conf.o(i.HAL_PCD_DisconnectCallback) refers to usbd_core.o(i.USBD_LL_DevDisconnected) for USBD_LL_DevDisconnected
[...]
    ../Drivers/STM32F1xx_HAL_Driver/Src/stm32f1xx_hal_flash_ex.c 0x00000000   Number         0  stm32f1xx_hal_flash_ex.o ABSOLUTE
    ../Drivers/STM32F1xx_HAL_Driver/Src/stm32f1xx_hal_gpio.c 0x00000000   Number         0  stm32f1xx_hal_gpio.o ABSOLUTE
    ../Drivers/STM32F1xx_HAL_Driver/Src/stm32f1xx_hal_gpio_ex.c 0x00000000   Number         0  stm32f1xx_hal_gpio_ex.o ABSOLUTE
    ../Drivers/STM32F1xx_HAL_Driver/Src/stm32f1xx_hal_i2c.c 0x00000000   Number         0  stm32f1xx_hal_i2c.o ABSOLUTE
    ../Drivers/STM32F1xx_HAL_Driver/Src/stm32f1xx_hal_pcd.c 0x00000000   Number         0  stm32f1xx_hal_pcd.o ABSOLUTE
    ../Drivers/STM32F1xx_HAL_Driver/Src/stm32f1xx_hal_pcd_ex.c 0x00000000   Number         0  stm32f1xx_hal_pcd_ex.o ABSOLUTE
    ../Drivers/STM32F1xx_HAL_Driver/Src/stm32f1xx_hal_pwr.c 0x00000000   Number         0  stm32f1xx_hal_pwr.o ABSOLUTE
    ../Drivers/STM32F1xx_HAL_Driver/Src/stm32f1xx_hal_rcc.c 0x00000000   Number         0  stm32f1xx_hal_rcc.o ABSOLUTE
    ../Drivers/STM32F1xx_HAL_Driver/Src/stm32f1xx_hal_rcc_ex.c 0x00000000   Number         0  stm32f1xx_hal_rcc_ex.o ABSOLUTE
    ../Drivers/STM32F1xx_HAL_Driver/Src/stm32f1xx_hal_tim.c 0x00000000   Number         0  stm32f1xx_hal_tim.o ABSOLUTE
    ../Drivers/STM32F1xx_HAL_Driver/Src/stm32f1xx_hal_tim_ex.c 0x00000000   Number         0  stm32f1xx_hal_tim_ex.o ABSOLUTE
    ../Drivers/STM32F1xx_HAL_Driver/Src/stm32f1xx_hal_uart.c 0x00000000   Number         0  stm32f1xx_hal_uart.o ABSOLUTE
    ../Drivers/STM32F1xx_HAL_Driver/Src/stm32f1xx_ll_usb.c 0x00000000   Number         0  stm32f1xx_ll_usb.o ABSOLUTE
    ../Middlewares/ST/STM32_USB_Device_Library/Class/CustomHID/Src/usbd_customhid.c 0x00000000   Number         0  usbd_customhid.o ABSOLUTE
    ../Middlewares/ST/STM32_USB_Device_Library/Core/Src/usbd_core.c 0x00000000   Number         0  usbd_core.o ABSOLUTE
    ../Middlewares/ST/STM32_USB_Device_Library/Core/Src/usbd_ctlreq.c 0x00000000   Number         0  usbd_ctlreq.o ABSOLUTE
    ../Middlewares/ST/STM32_USB_Device_Library/Core/Src/usbd_ioreq.c 0x00000000   Number         0  usbd_ioreq.o ABSOLUTE
    ../Src/main.c                            0x00000000   Number         0  main.o ABSOLUTE
    ../Src/stm32f1xx_hal_msp.c               0x00000000   Number         0  stm32f1xx_hal_msp.o ABSOLUTE
    ../Src/stm32f1xx_it.c                    0x00000000   Number         0  stm32f1xx_it.o ABSOLUTE
    ../Src/system_stm32f1xx.c                0x00000000   Number         0  system_stm32f1xx.o ABSOLUTE
    ../Src/usb_device.c                      0x00000000   Number         0  usb_device.o ABSOLUTE
    ../Src/usbd_conf.c                       0x00000000   Number         0  usbd_conf.o ABSOLUTE
    ../Src/usbd_custom_hid_if.c              0x00000000   Number         0  usbd_custom_hid_if.o ABSOLUTE
    ../Src/usbd_desc.c                       0x00000000   Number         0  usbd_desc.o ABSOLUTE
    ../clib/../cmprslib/zerorunl2.c          0x00000000   Number         0  __dczerorl2.o ABSOLUTE
    ../clib/microlib/init/entry.s            0x00000000   Number         0  entry.o ABSOLUTE
    ../clib/microlib/init/entry.s            0x00000000   Number         0  entry8b.o ABSOLUTE
    ../clib/microlib/init/entry.s            0x00000000   Number         0  entry11b.o ABSOLUTE
    ../clib/microlib/init/entry.s            0x00000000   Number         0  entry11a.o ABSOLUTE
    ../clib/microlib/init/entry.s            0x00000000   Number         0  entry10b.o ABSOLUTE
    ../clib/microlib/init/entry.s            0x00000000   Number         0  entry10a.o ABSOLUTE
    ../clib/microlib/init/entry.s            0x00000000   Number         0  entry9b.o ABSOLUTE
    ../clib/microlib/init/entry.s            0x00000000   Number         0  entry9a.o ABSOLUTE
    ../clib/microlib/init/entry.s            0x00000000   Number         0  entry8a.o ABSOLUTE
    ../clib/microlib/init/entry.s            0x00000000   Number         0  entry7b.o ABSOLUTE
    ../clib/microlib/init/entry.s            0x00000000   Number         0  entry7a.o ABSOLUTE
    ../clib/microlib/init/entry.s            0x00000000   Number         0  entry5.o ABSOLUTE
    ../clib/microlib/init/entry.s            0x00000000   Number         0  entry2.o ABSOLUTE
    ../clib/microlib/longlong.c              0x00000000   Number         0  llushr.o ABSOLUTE
    ../clib/microlib/string/memcpy.c         0x00000000   Number         0  memcpyb.o ABSOLUTE
    ../clib/microlib/string/memcpy.c         0x00000000   Number         0  memcpya.o ABSOLUTE
    ../clib/microlib/string/memset.c         0x00000000   Number         0  memseta.o ABSOLUTE
    ..\Drivers\STM32F1xx_HAL_Driver\Src\stm32f1xx_hal.c 0x00000000   Number         0  stm32f1xx_hal.o ABSOLUTE
    ..\Drivers\STM32F1xx_HAL_Driver\Src\stm32f1xx_hal_cortex.c 0x00000000   Number         0  stm32f1xx_hal_cortex.o ABSOLUTE
    ..\Drivers\STM32F1xx_HAL_Driver\Src\stm32f1xx_hal_dma.c 0x00000000   Number         0  stm32f1xx_hal_dma.o ABSOLUTE
    ..\Drivers\STM32F1xx_HAL_Driver\Src\stm32f1xx_hal_exti.c 0x00000000   Number         0  stm32f1xx_hal_exti.o ABSOLUTE
    ..\Drivers\STM32F1xx_HAL_Driver\Src\stm32f1xx_hal_flash.c 0x00000000   Number         0  stm32f1xx_hal_flash.o ABSOLUTE
    ..\Drivers\STM32F1xx_HAL_Driver\Src\stm32f1xx_hal_flash_ex.c 0x00000000   Number         0  stm32f1xx_hal_flash_ex.o ABSOLUTE
    ..\Drivers\STM32F1xx_HAL_Driver\Src\stm32f1xx_hal_gpio.c 0x00000000   Number         0  stm32f1xx_hal_gpio.o ABSOLUTE
    ..\Drivers\STM32F1xx_HAL_Driver\Src\stm32f1xx_hal_gpio_ex.c 0x00000000   Number         0  stm32f1xx_hal_gpio_ex.o ABSOLUTE
    ..\Drivers\STM32F1xx_HAL_Driver\Src\stm32f1xx_hal_i2c.c 0x00000000   Number         0  stm32f1xx_hal_i2c.o ABSOLUTE
    ..\Drivers\STM32F1xx_HAL_Driver\Src\stm32f1xx_hal_pcd.c 0x00000000   Number         0  stm32f1xx_hal_pcd.o ABSOLUTE
    ..\Drivers\STM32F1xx_HAL_Driver\Src\stm32f1xx_hal_pcd_ex.c 0x00000000   Number         0  stm32f1xx_hal_pcd_ex.o ABSOLUTE
    ..\Drivers\STM32F1xx_HAL_Driver\Src\stm32f1xx_hal_pwr.c 0x00000000   Number         0  stm32f1xx_hal_pwr.o ABSOLUTE
    ..\Drivers\STM32F1xx_HAL_Driver\Src\stm32f1xx_hal_rcc.c 0x00000000   Number         0  stm32f1xx_hal_rcc.o ABSOLUTE
    ..\Drivers\STM32F1xx_HAL_Driver\Src\stm32f1xx_hal_rcc_ex.c 0x00000000   Number         0  stm32f1xx_hal_rcc_ex.o ABSOLUTE
    ..\Drivers\STM32F1xx_HAL_Driver\Src\stm32f1xx_hal_tim.c 0x00000000   Number         0  stm32f1xx_hal_tim.o ABSOLUTE
    ..\Drivers\STM32F1xx_HAL_Driver\Src\stm32f1xx_hal_tim_ex.c 0x00000000   Number         0  stm32f1xx_hal_tim_ex.o ABSOLUTE
    ..\Drivers\STM32F1xx_HAL_Driver\Src\stm32f1xx_hal_uart.c 0x00000000   Number         0  stm32f1xx_hal_uart.o ABSOLUTE
    ..\Drivers\STM32F1xx_HAL_Driver\Src\stm32f1xx_ll_usb.c 0x00000000   Number         0  stm32f1xx_ll_usb.o ABSOLUTE
    ..\Middlewares\ST\STM32_USB_Device_Library\Class\CustomHID\Src\usbd_customhid.c 0x00000000   Number         0  usbd_customhid.o ABSOLUTE
    ..\Middlewares\ST\STM32_USB_Device_Library\Core\Src\usbd_core.c 0x00000000   Number         0  usbd_core.o ABSOLUTE
    ..\Middlewares\ST\STM32_USB_Device_Library\Core\Src\usbd_ctlreq.c 0x00000000   Number         0  usbd_ctlreq.o ABSOLUTE
    ..\Middlewares\ST\STM32_USB_Device_Library\Core\Src\usbd_ioreq.c 0x00000000   Number         0  usbd_ioreq.o ABSOLUTE
    ..\Src\main.c                            0x00000000   Number         0  main.o ABSOLUTE
    ..\Src\stm32f1xx_hal_msp.c               0x00000000   Number         0  stm32f1xx_hal_msp.o ABSOLUTE
    ..\Src\stm32f1xx_it.c                    0x00000000   Number         0  stm32f1xx_it.o ABSOLUTE
    ..\Src\system_stm32f1xx.c                0x00000000   Number         0  system_stm32f1xx.o ABSOLUTE
    ..\Src\usb_device.c                      0x00000000   Number         0  usb_device.o ABSOLUTE
    ..\Src\usbd_conf.c                       0x00000000   Number         0  usbd_conf.o ABSOLUTE
    ..\Src\usbd_custom_hid_if.c              0x00000000   Number         0  usbd_custom_hid_if.o ABSOLUTE
    ..\Src\usbd_desc.c                       0x00000000   Number         0  usbd_desc.o ABSOLUTE
    dc.s                                     0x00000000   Number         0  dc.o ABSOLUTE
    handlers.s                               0x00000000   Number         0  handlers.o ABSOLUTE
    init.s                                   0x00000000   Number         0  init.o ABSOLUTE
    startup_stm32f103xb.s                    0x00000000   Number         0  startup_stm32f103xb.o ABSOLUTE
    RESET                                    0x08000000   Section      236  startup_stm32f103xb.o(RESET)
    .ARM.Collect$$$$00000000                 0x080000ec   Section        0  entry.o(.ARM.Collect$$$$00000000)
    .ARM.Collect$$$$00000001                 0x080000ec   Section        4  entry2.o(.ARM.Collect$$$$00000001)
    .ARM.Collect$$$$00000004                 0x080000f0   Section        4  entry5.o(.ARM.Collect$$$$00000004)
    .ARM.Collect$$$$00000008                 0x080000f4   Section        0  entry7b.o(.ARM.Collect$$$$00000008)
    .ARM.Collect$$$$0000000A                 0x080000f4   Section        0  entry8b.o(.ARM.Collect$$$$0000000A)
    .ARM.Collect$$$$0000000B                 0x080000f4   Section        8  entry9a.o(.ARM.Collect$$$$0000000B)
    .ARM.Collect$$$$0000000D                 0x080000fc   Section        0  entry10a.o(.ARM.Collect$$$$0000000D)
    .ARM.Collect$$$$0000000F                 0x080000fc   Section        0  entry11a.o(.ARM.Collect$$$$0000000F)
    .ARM.Collect$$$$00002712                 0x080000fc   Section        4  entry2.o(.ARM.Collect$$$$00002712)
    __lit__00000000                          0x080000fc   Data           4  entry2.o(.ARM.Collect$$$$00002712)
    .text                                    0x08000100   Section       36  startup_stm32f103xb.o(.text)
    .text                                    0x08000124   Section        0  memcpya.o(.text)
    .text                                    0x08000148   Section        0  memseta.o(.text)
    .text                                    0x0800016c   Section       36  init.o(.text)
    .text                                    0x08000190   Section        0  __dczerorl2.o(.text)
    i.BusFault_Handler                       0x080001e6   Section        0  stm32f1xx_it.o(i.BusFault_Handler)
    i.CUSTOM_HID_DeInit_FS                   0x080001e8   Section        0  usbd_custom_hid_if.o(i.CUSTOM_HID_DeInit_FS)
    CUSTOM_HID_DeInit_FS                     0x080001e9   Thumb Code     4  usbd_custom_hid_if.o(i.CUSTOM_HID_DeInit_FS)
    i.CUSTOM_HID_Init_FS                     0x080001ec   Section        0  usbd_custom_hid_if.o(i.CUSTOM_HID_Init_FS)
    CUSTOM_HID_Init_FS                       0x080001ed   Thumb Code     4  usbd_custom_hid_if.o(i.CUSTOM_HID_Init_FS)
    i.CUSTOM_HID_OutEvent_FS                 0x080001f0   Section        0  usbd_custom_hid_if.o(i.CUSTOM_HID_OutEvent_FS)
    CUSTOM_HID_OutEvent_FS                   0x080001f1   Thumb Code     4  usbd_custom_hid_if.o(i.CUSTOM_HID_OutEvent_FS)
    i.DMA1_Channel6_IRQHandler               0x080001f4   Section        0  stm32f1xx_it.o(i.DMA1_Channel6_IRQHandler)
    i.DMA_SetConfig                          0x08000200   Section        0  stm32f1xx_hal_dma.o(i.DMA_SetConfig)
    DMA_SetConfig                            0x08000201   Thumb Code    42  stm32f1xx_hal_dma.o(i.DMA_SetConfig)
    i.DebugMon_Handler                       0x0800022a   Section        0  stm32f1xx_it.o(i.DebugMon_Handler)
    i.Error_Handler                          0x0800022c   Section        0  main.o(i.Error_Handler)
    i.HAL_DMA_Abort_IT                       0x08000230   Section        0  stm32f1xx_hal_dma.o(i.HAL_DMA_Abort_IT)
    i.HAL_DMA_GetState                       0x080002c8   Section        0  stm32f1xx_hal_dma.o(i.HAL_DMA_GetState)
    i.HAL_DMA_IRQHandler                     0x080002d0   Section        0  stm32f1xx_hal_dma.o(i.HAL_DMA_IRQHandler)
    i.HAL_DMA_Init                           0x08000424   Section        0  stm32f1xx_hal_dma.o(i.HAL_DMA_Init)
    i.HAL_DMA_Start_IT                       0x08000480   Section        0  stm32f1xx_hal_dma.o(i.HAL_DMA_Start_IT)
    i.HAL_Delay                              0x080004f0   Section        0  stm32f1xx_hal.o(i.HAL_Delay)
    i.HAL_GPIO_Init                          0x08000514   Section        0  stm32f1xx_hal_gpio.o(i.HAL_GPIO_Init)
    i.HAL_GetTick                            0x080006f4   Section        0  stm32f1xx_hal.o(i.HAL_GetTick)
    i.HAL_I2C_AbortCpltCallback              0x08000700   Section        0  stm32f1xx_hal_i2c.o(i.HAL_I2C_AbortCpltCallback)
    i.HAL_I2C_AddrCallback                   0x08000702   Section        0  stm32f1xx_hal_i2c.o(i.HAL_I2C_AddrCallback)
    i.HAL_I2C_EV_IRQHandler                  0x08000704   Section        0  stm32f1xx_hal_i2c.o(i.HAL_I2C_EV_IRQHandler)
    i.HAL_I2C_ErrorCallback                  0x0800095e   Section        0  stm32f1xx_hal_i2c.o(i.HAL_I2C_ErrorCallback)
    i.HAL_I2C_Init                           0x08000960   Section        0  stm32f1xx_hal_i2c.o(i.HAL_I2C_Init)
    i.HAL_I2C_ListenCpltCallback             0x08000ad4   Section        0  stm32f1xx_hal_i2c.o(i.HAL_I2C_ListenCpltCallback)
    i.HAL_I2C_MasterRxCpltCallback           0x08000ad6   Section        0  stm32f1xx_hal_i2c.o(i.HAL_I2C_MasterRxCpltCallback)
    i.HAL_I2C_MasterTxCpltCallback           0x08000ad8   Section        0  stm32f1xx_hal_i2c.o(i.HAL_I2C_MasterTxCpltCallback)
    i.HAL_I2C_MemRxCpltCallback              0x08000ada   Section        0  stm32f1xx_hal_i2c.o(i.HAL_I2C_MemRxCpltCallback)
    i.HAL_I2C_MemTxCpltCallback              0x08000adc   Section        0  stm32f1xx_hal_i2c.o(i.HAL_I2C_MemTxCpltCallback)
    i.HAL_I2C_MspInit                        0x08000ae0   Section        0  stm32f1xx_hal_msp.o(i.HAL_I2C_MspInit)
    i.HAL_I2C_SlaveRxCpltCallback            0x08000b4c   Section        0  stm32f1xx_hal_i2c.o(i.HAL_I2C_SlaveRxCpltCallback)
    i.HAL_I2C_SlaveTxCpltCallback            0x08000b4e   Section        0  stm32f1xx_hal_i2c.o(i.HAL_I2C_SlaveTxCpltCallback)
    i.HAL_IncTick                            0x08000b50   Section        0  stm32f1xx_hal.o(i.HAL_IncTick)
    i.HAL_Init                               0x08000b60   Section        0  stm32f1xx_hal.o(i.HAL_Init)
    i.HAL_InitTick                           0x08000b84   Section        0  stm32f1xx_hal.o(i.HAL_InitTick)
    i.HAL_MspInit                            0x08000bc4   Section        0  stm32f1xx_hal_msp.o(i.HAL_MspInit)
    i.HAL_NVIC_EnableIRQ                     0x08000c00   Section        0  stm32f1xx_hal_cortex.o(i.HAL_NVIC_EnableIRQ)
    i.HAL_NVIC_SetPriority                   0x08000c1c   Section        0  stm32f1xx_hal_cortex.o(i.HAL_NVIC_SetPriority)
    i.HAL_NVIC_SetPriorityGrouping           0x08000c5c   Section        0  stm32f1xx_hal_cortex.o(i.HAL_NVIC_SetPriorityGrouping)
    i.HAL_PCDEx_PMAConfig                    0x08000c80   Section        0  stm32f1xx_hal_pcd_ex.o(i.HAL_PCDEx_PMAConfig)
    i.HAL_PCDEx_SetConnectionState           0x08000cb4   Section        0  usbd_conf.o(i.HAL_PCDEx_SetConnectionState)
    i.HAL_PCD_DataInStageCallback            0x08000cb6   Section        0  usbd_conf.o(i.HAL_PCD_DataInStageCallback)
    i.HAL_PCD_DataOutStageCallback           0x08000cc4   Section        0  usbd_conf.o(i.HAL_PCD_DataOutStageCallback)
    i.HAL_PCD_EP_Close                       0x08000cd4   Section        0  stm32f1xx_hal_pcd.o(i.HAL_PCD_EP_Close)
    i.HAL_PCD_EP_ClrStall                    0x08000d1c   Section        0  stm32f1xx_hal_pcd.o(i.HAL_PCD_EP_ClrStall)
    i.HAL_PCD_EP_Open                        0x08000d74   Section        0  stm32f1xx_hal_pcd.o(i.HAL_PCD_EP_Open)
    i.HAL_PCD_EP_Receive                     0x08000dd0   Section        0  stm32f1xx_hal_pcd.o(i.HAL_PCD_EP_Receive)
    i.HAL_PCD_EP_SetStall                    0x08000dfe   Section        0  stm32f1xx_hal_pcd.o(i.HAL_PCD_EP_SetStall)
    i.HAL_PCD_EP_Transmit                    0x08000e68   Section        0  stm32f1xx_hal_pcd.o(i.HAL_PCD_EP_Transmit)
    i.HAL_PCD_IRQHandler                     0x08000e92   Section        0  stm32f1xx_hal_pcd.o(i.HAL_PCD_IRQHandler)
    i.HAL_PCD_Init                           0x08000fa8   Section        0  stm32f1xx_hal_pcd.o(i.HAL_PCD_Init)
    i.HAL_PCD_MspInit                        0x0800107c   Section        0  usbd_conf.o(i.HAL_PCD_MspInit)
    i.HAL_PCD_ResetCallback                  0x080010b8   Section        0  usbd_conf.o(i.HAL_PCD_ResetCallback)
    i.HAL_PCD_ResumeCallback                 0x080010de   Section        0  usbd_conf.o(i.HAL_PCD_ResumeCallback)
    i.HAL_PCD_SOFCallback                    0x080010e6   Section        0  usbd_conf.o(i.HAL_PCD_SOFCallback)
    i.HAL_PCD_SetAddress                     0x080010ee   Section        0  stm32f1xx_hal_pcd.o(i.HAL_PCD_SetAddress)
    i.HAL_PCD_SetupStageCallback             0x08001116   Section        0  usbd_conf.o(i.HAL_PCD_SetupStageCallback)
    i.HAL_PCD_Start                          0x08001124   Section        0  stm32f1xx_hal_pcd.o(i.HAL_PCD_Start)
    i.HAL_PCD_SuspendCallback                0x08001158   Section        0  usbd_conf.o(i.HAL_PCD_SuspendCallback)
    i.HAL_RCCEx_PeriphCLKConfig              0x0800117c   Section        0  stm32f1xx_hal_rcc_ex.o(i.HAL_RCCEx_PeriphCLKConfig)
    i.HAL_RCC_ClockConfig                    0x08001268   Section        0  stm32f1xx_hal_rcc.o(i.HAL_RCC_ClockConfig)
    i.HAL_RCC_GetPCLK1Freq                   0x08001394   Section        0  stm32f1xx_hal_rcc.o(i.HAL_RCC_GetPCLK1Freq)
    i.HAL_RCC_GetPCLK2Freq                   0x080013b4   Section        0  stm32f1xx_hal_rcc.o(i.HAL_RCC_GetPCLK2Freq)
    i.HAL_RCC_GetSysClockFreq                0x080013d4   Section        0  stm32f1xx_hal_rcc.o(i.HAL_RCC_GetSysClockFreq)
    i.HAL_RCC_OscConfig                      0x08001440   Section        0  stm32f1xx_hal_rcc.o(i.HAL_RCC_OscConfig)
    i.HAL_SYSTICK_Config                     0x08001760   Section        0  stm32f1xx_hal_cortex.o(i.HAL_SYSTICK_Config)
    i.HAL_UART_ErrorCallback                 0x08001788   Section        0  stm32f1xx_hal_uart.o(i.HAL_UART_ErrorCallback)
    i.HAL_UART_Init                          0x0800178a   Section        0  stm32f1xx_hal_uart.o(i.HAL_UART_Init)
    i.HAL_UART_MspInit                       0x080017ec   Section        0  stm32f1xx_hal_msp.o(i.HAL_UART_MspInit)
    i.HAL_UART_Receive_DMA                   0x0800188c   Section        0  stm32f1xx_hal_uart.o(i.HAL_UART_Receive_DMA)
    i.HAL_UART_RxCpltCallback                0x08001924   Section        0  main.o(i.HAL_UART_RxCpltCallback)
    i.HAL_UART_RxHalfCpltCallback            0x0800197c   Section        0  stm32f1xx_hal_uart.o(i.HAL_UART_RxHalfCpltCallback)
    i.HAL_UART_Transmit                      0x0800197e   Section        0  stm32f1xx_hal_uart.o(i.HAL_UART_Transmit)
    i.HardFault_Handler                      0x08001a38   Section        0  stm32f1xx_it.o(i.HardFault_Handler)
    i.I2C1_EV_IRQHandler                     0x08001a3c   Section        0  stm32f1xx_it.o(i.I2C1_EV_IRQHandler)
    i.I2C_DMAAbort                           0x08001a48   Section        0  stm32f1xx_hal_i2c.o(i.I2C_DMAAbort)
    I2C_DMAAbort                             0x08001a49   Thumb Code   126  stm32f1xx_hal_i2c.o(i.I2C_DMAAbort)
    i.I2C_ITError                            0x08001ac8   Section        0  stm32f1xx_hal_i2c.o(i.I2C_ITError)
    I2C_ITError                              0x08001ac9   Thumb Code   312  stm32f1xx_hal_i2c.o(i.I2C_ITError)
    i.I2C_MasterReceive_BTF                  0x08001c08   Section        0  stm32f1xx_hal_i2c.o(i.I2C_MasterReceive_BTF)
    I2C_MasterReceive_BTF                    0x08001c09   Thumb Code   210  stm32f1xx_hal_i2c.o(i.I2C_MasterReceive_BTF)
    i.I2C_MasterReceive_RXNE                 0x08001cda   Section        0  stm32f1xx_hal_i2c.o(i.I2C_MasterReceive_RXNE)
    I2C_MasterReceive_RXNE                   0x08001cdb   Thumb Code   146  stm32f1xx_hal_i2c.o(i.I2C_MasterReceive_RXNE)
    i.I2C_MasterTransmit_BTF                 0x08001d6c   Section        0  stm32f1xx_hal_i2c.o(i.I2C_MasterTransmit_BTF)
    I2C_MasterTransmit_BTF                   0x08001d6d   Thumb Code   130  stm32f1xx_hal_i2c.o(i.I2C_MasterTransmit_BTF)
    i.I2C_MasterTransmit_TXE                 0x08001df0   Section        0  stm32f1xx_hal_i2c.o(i.I2C_MasterTransmit_TXE)
    I2C_MasterTransmit_TXE                   0x08001df1   Thumb Code   260  stm32f1xx_hal_i2c.o(i.I2C_MasterTransmit_TXE)
    i.I2C_Master_ADDR                        0x08001ef4   Section        0  stm32f1xx_hal_i2c.o(i.I2C_Master_ADDR)
    I2C_Master_ADDR                          0x08001ef5   Thumb Code   340  stm32f1xx_hal_i2c.o(i.I2C_Master_ADDR)
    i.I2C_Master_SB                          0x0800204c   Section        0  stm32f1xx_hal_i2c.o(i.I2C_Master_SB)
    I2C_Master_SB                            0x0800204d   Thumb Code   142  stm32f1xx_hal_i2c.o(i.I2C_Master_SB)
    i.I2C_Slave_STOPF                        0x080020dc   Section        0  stm32f1xx_hal_i2c.o(i.I2C_Slave_STOPF)
    I2C_Slave_STOPF                          0x080020dd   Thumb Code   338  stm32f1xx_hal_i2c.o(i.I2C_Slave_STOPF)
    i.IntToUnicode                           0x08002238   Section        0  usbd_desc.o(i.IntToUnicode)
    IntToUnicode                             0x08002239   Thumb Code    56  usbd_desc.o(i.IntToUnicode)
    i.MX_USB_DEVICE_Init                     0x08002270   Section        0  usb_device.o(i.MX_USB_DEVICE_Init)
    i.MemManage_Handler                      0x080022c4   Section        0  stm32f1xx_it.o(i.MemManage_Handler)
    i.NMI_Handler                            0x080022c6   Section        0  stm32f1xx_it.o(i.NMI_Handler)
    i.PCD_EP_ISR_Handler                     0x080022c8   Section        0  stm32f1xx_hal_pcd.o(i.PCD_EP_ISR_Handler)
    PCD_EP_ISR_Handler                       0x080022c9   Thumb Code   706  stm32f1xx_hal_pcd.o(i.PCD_EP_ISR_Handler)
    i.PendSV_Handler                         0x0800258a   Section        0  stm32f1xx_it.o(i.PendSV_Handler)
    i.SVC_Handler                            0x0800258c   Section        0  stm32f1xx_it.o(i.SVC_Handler)
    i.SysTick_Handler                        0x0800258e   Section        0  stm32f1xx_it.o(i.SysTick_Handler)
    i.SystemClock_Config                     0x08002592   Section        0  main.o(i.SystemClock_Config)
    i.SystemInit                             0x080025f4   Section        0  system_stm32f1xx.o(i.SystemInit)
    i.UART_DMAError                          0x0800263c   Section        0  stm32f1xx_hal_uart.o(i.UART_DMAError)
    UART_DMAError                            0x0800263d   Thumb Code    74  stm32f1xx_hal_uart.o(i.UART_DMAError)
    i.UART_DMAReceiveCplt                    0x08002686   Section        0  stm32f1xx_hal_uart.o(i.UART_DMAReceiveCplt)
    UART_DMAReceiveCplt                      0x08002687   Thumb Code    60  stm32f1xx_hal_uart.o(i.UART_DMAReceiveCplt)
    i.UART_DMARxHalfCplt                     0x080026c2   Section        0  stm32f1xx_hal_uart.o(i.UART_DMARxHalfCplt)
    UART_DMARxHalfCplt                       0x080026c3   Thumb Code    10  stm32f1xx_hal_uart.o(i.UART_DMARxHalfCplt)
    i.UART_EndRxTransfer                     0x080026cc   Section        0  stm32f1xx_hal_uart.o(i.UART_EndRxTransfer)
    UART_EndRxTransfer                       0x080026cd   Thumb Code    28  stm32f1xx_hal_uart.o(i.UART_EndRxTransfer)
    i.UART_EndTxTransfer                     0x080026e8   Section        0  stm32f1xx_hal_uart.o(i.UART_EndTxTransfer)
    UART_EndTxTransfer                       0x080026e9   Thumb Code    18  stm32f1xx_hal_uart.o(i.UART_EndTxTransfer)
    i.UART_SetConfig                         0x080026fc   Section        0  stm32f1xx_hal_uart.o(i.UART_SetConfig)
    UART_SetConfig                           0x080026fd   Thumb Code   178  stm32f1xx_hal_uart.o(i.UART_SetConfig)
    i.UART_WaitOnFlagUntilTimeout            0x080027b4   Section        0  stm32f1xx_hal_uart.o(i.UART_WaitOnFlagUntilTimeout)
    UART_WaitOnFlagUntilTimeout              0x080027b5   Thumb Code   100  stm32f1xx_hal_uart.o(i.UART_WaitOnFlagUntilTimeout)
    i.USBD_CUSTOM_HID_DataIn                 0x08002818   Section        0  usbd_customhid.o(i.USBD_CUSTOM_HID_DataIn)
    USBD_CUSTOM_HID_DataIn                   0x08002819   Thumb Code    14  usbd_customhid.o(i.USBD_CUSTOM_HID_DataIn)
    i.USBD_CUSTOM_HID_DataOut                0x08002826   Section        0  usbd_customhid.o(i.USBD_CUSTOM_HID_DataOut)
    USBD_CUSTOM_HID_DataOut                  0x08002827   Thumb Code    36  usbd_customhid.o(i.USBD_CUSTOM_HID_DataOut)
    i.USBD_CUSTOM_HID_DeInit                 0x0800284a   Section        0  usbd_customhid.o(i.USBD_CUSTOM_HID_DeInit)
    USBD_CUSTOM_HID_DeInit                   0x0800284b   Thumb Code    56  usbd_customhid.o(i.USBD_CUSTOM_HID_DeInit)
    i.USBD_CUSTOM_HID_EP0_RxReady            0x08002882   Section        0  usbd_customhid.o(i.USBD_CUSTOM_HID_EP0_RxReady)
    USBD_CUSTOM_HID_EP0_RxReady              0x08002883   Thumb Code    34  usbd_customhid.o(i.USBD_CUSTOM_HID_EP0_RxReady)
    i.USBD_CUSTOM_HID_GetDeviceQualifierDesc 0x080028a4   Section        0  usbd_customhid.o(i.USBD_CUSTOM_HID_GetDeviceQualifierDesc)
    USBD_CUSTOM_HID_GetDeviceQualifierDesc   0x080028a5   Thumb Code     8  usbd_customhid.o(i.USBD_CUSTOM_HID_GetDeviceQualifierDesc)
    i.USBD_CUSTOM_HID_GetFSCfgDesc           0x080028b0   Section        0  usbd_customhid.o(i.USBD_CUSTOM_HID_GetFSCfgDesc)
    USBD_CUSTOM_HID_GetFSCfgDesc             0x080028b1   Thumb Code     8  usbd_customhid.o(i.USBD_CUSTOM_HID_GetFSCfgDesc)
    i.USBD_CUSTOM_HID_GetHSCfgDesc           0x080028bc   Section        0  usbd_customhid.o(i.USBD_CUSTOM_HID_GetHSCfgDesc)
    USBD_CUSTOM_HID_GetHSCfgDesc             0x080028bd   Thumb Code     8  usbd_customhid.o(i.USBD_CUSTOM_HID_GetHSCfgDesc)
    i.USBD_CUSTOM_HID_GetOtherSpeedCfgDesc   0x080028c8   Section        0  usbd_customhid.o(i.USBD_CUSTOM_HID_GetOtherSpeedCfgDesc)
    USBD_CUSTOM_HID_GetOtherSpeedCfgDesc     0x080028c9   Thumb Code     8  usbd_customhid.o(i.USBD_CUSTOM_HID_GetOtherSpeedCfgDesc)
    i.USBD_CUSTOM_HID_Init                   0x080028d4   Section        0  usbd_customhid.o(i.USBD_CUSTOM_HID_Init)
    USBD_CUSTOM_HID_Init                     0x080028d5   Thumb Code    84  usbd_customhid.o(i.USBD_CUSTOM_HID_Init)
    i.USBD_CUSTOM_HID_RegisterInterface      0x08002928   Section        0  usbd_customhid.o(i.USBD_CUSTOM_HID_RegisterInterface)
    i.USBD_CUSTOM_HID_SendReport             0x08002938   Section        0  usbd_customhid.o(i.USBD_CUSTOM_HID_SendReport)
    i.USBD_CUSTOM_HID_Setup                  0x08002964   Section        0  usbd_customhid.o(i.USBD_CUSTOM_HID_Setup)
    USBD_CUSTOM_HID_Setup                    0x08002965   Thumb Code   218  usbd_customhid.o(i.USBD_CUSTOM_HID_Setup)
    i.USBD_ClrClassConfig                    0x08002a44   Section        0  usbd_core.o(i.USBD_ClrClassConfig)
    i.USBD_CtlContinueRx                     0x08002a52   Section        0  usbd_ioreq.o(i.USBD_CtlContinueRx)
    i.USBD_CtlContinueSendData               0x08002a62   Section        0  usbd_ioreq.o(i.USBD_CtlContinueSendData)
    i.USBD_CtlError                          0x08002a72   Section        0  usbd_ctlreq.o(i.USBD_CtlError)
    i.USBD_CtlPrepareRx                      0x08002a88   Section        0  usbd_ioreq.o(i.USBD_CtlPrepareRx)
    i.USBD_CtlReceiveStatus                  0x08002aa6   Section        0  usbd_ioreq.o(i.USBD_CtlReceiveStatus)
    i.USBD_CtlSendData                       0x08002abc   Section        0  usbd_ioreq.o(i.USBD_CtlSendData)
    i.USBD_CtlSendStatus                     0x08002ad6   Section        0  usbd_ioreq.o(i.USBD_CtlSendStatus)
    i.USBD_FS_ConfigStrDescriptor            0x08002aec   Section        0  usbd_desc.o(i.USBD_FS_ConfigStrDescriptor)
    i.USBD_FS_DeviceDescriptor               0x08002b14   Section        0  usbd_desc.o(i.USBD_FS_DeviceDescriptor)
    i.USBD_FS_InterfaceStrDescriptor         0x08002b20   Section        0  usbd_desc.o(i.USBD_FS_InterfaceStrDescriptor)
    i.USBD_FS_LangIDStrDescriptor            0x08002b4c   Section        0  usbd_desc.o(i.USBD_FS_LangIDStrDescriptor)
    i.USBD_FS_ManufacturerStrDescriptor      0x08002b58   Section        0  usbd_desc.o(i.USBD_FS_ManufacturerStrDescriptor)
    i.USBD_FS_ProductStrDescriptor           0x08002b80   Section        0  usbd_desc.o(i.USBD_FS_ProductStrDescriptor)
    i.USBD_FS_SerialStrDescriptor            0x08002bb4   Section        0  usbd_desc.o(i.USBD_FS_SerialStrDescriptor)
    i.USBD_GetDescriptor                     0x08002bec   Section        0  usbd_ctlreq.o(i.USBD_GetDescriptor)
    USBD_GetDescriptor                       0x08002bed   Thumb Code   232  usbd_ctlreq.o(i.USBD_GetDescriptor)
    i.USBD_GetString                         0x08002cd4   Section        0  usbd_ctlreq.o(i.USBD_GetString)
    i.USBD_Get_USB_Status                    0x08002d1c   Section        0  usbd_conf.o(i.USBD_Get_USB_Status)
    USBD_Get_USB_Status                      0x08002d1d   Thumb Code    24  usbd_conf.o(i.USBD_Get_USB_Status)
    i.USBD_Init                              0x08002d34   Section        0  usbd_core.o(i.USBD_Init)
    i.USBD_LL_ClearStallEP                   0x08002d5e   Section        0  usbd_conf.o(i.USBD_LL_ClearStallEP)
    i.USBD_LL_CloseEP                        0x08002d70   Section        0  usbd_conf.o(i.USBD_LL_CloseEP)
    i.USBD_LL_DataInStage                    0x08002d82   Section        0  usbd_core.o(i.USBD_LL_DataInStage)
    i.USBD_LL_DataOutStage                   0x08002e48   Section        0  usbd_core.o(i.USBD_LL_DataOutStage)
    i.USBD_LL_Init                           0x08002ecc   Section        0  usbd_conf.o(i.USBD_LL_Init)
    i.USBD_LL_IsStallEP                      0x08002f3c   Section        0  usbd_conf.o(i.USBD_LL_IsStallEP)
    i.USBD_LL_OpenEP                         0x08002f58   Section        0  usbd_conf.o(i.USBD_LL_OpenEP)
    i.USBD_LL_PrepareReceive                 0x08002f70   Section        0  usbd_conf.o(i.USBD_LL_PrepareReceive)
    i.USBD_LL_Reset                          0x08002f82   Section        0  usbd_core.o(i.USBD_LL_Reset)
    i.USBD_LL_Resume                         0x08002fd2   Section        0  usbd_core.o(i.USBD_LL_Resume)
    i.USBD_LL_SOF                            0x08002fe6   Section        0  usbd_core.o(i.USBD_LL_SOF)
    i.USBD_LL_SetSpeed                       0x08002ffe   Section        0  usbd_core.o(i.USBD_LL_SetSpeed)
    i.USBD_LL_SetUSBAddress                  0x08003004   Section        0  usbd_conf.o(i.USBD_LL_SetUSBAddress)
    i.USBD_LL_SetupStage                     0x08003016   Section        0  usbd_core.o(i.USBD_LL_SetupStage)
    i.USBD_LL_StallEP                        0x08003070   Section        0  usbd_conf.o(i.USBD_LL_StallEP)
    i.USBD_LL_Start                          0x08003082   Section        0  usbd_conf.o(i.USBD_LL_Start)
    i.USBD_LL_Suspend                        0x08003094   Section        0  usbd_core.o(i.USBD_LL_Suspend)
    i.USBD_LL_Transmit                       0x080030a6   Section        0  usbd_conf.o(i.USBD_LL_Transmit)
    i.USBD_ParseSetupRequest                 0x080030b8   Section        0  usbd_ctlreq.o(i.USBD_ParseSetupRequest)
    i.USBD_RegisterClass                     0x080030e0   Section        0  usbd_core.o(i.USBD_RegisterClass)
    i.USBD_SetClassConfig                    0x080030f0   Section        0  usbd_core.o(i.USBD_SetClassConfig)
    i.USBD_SetConfig                         0x08003108   Section        0  usbd_ctlreq.o(i.USBD_SetConfig)
    USBD_SetConfig                           0x08003109   Thumb Code   128  usbd_ctlreq.o(i.USBD_SetConfig)
    i.USBD_Start                             0x0800318c   Section        0  usbd_core.o(i.USBD_Start)
    i.USBD_StdDevReq                         0x08003196   Section        0  usbd_ctlreq.o(i.USBD_StdDevReq)
    i.USBD_StdEPReq                          0x080032a8   Section        0  usbd_ctlreq.o(i.USBD_StdEPReq)
    i.USBD_StdItfReq                         0x080033f8   Section        0  usbd_ctlreq.o(i.USBD_StdItfReq)
    i.USBD_static_free                       0x08003446   Section        0  usbd_conf.o(i.USBD_static_free)
    i.USBD_static_malloc                     0x08003448   Section        0  usbd_conf.o(i.USBD_static_malloc)
    i.USB_ActivateEndpoint                   0x08003450   Section        0  stm32f1xx_ll_usb.o(i.USB_ActivateEndpoint)
    i.USB_CoreInit                           0x080036b6   Section        0  stm32f1xx_ll_usb.o(i.USB_CoreInit)
    i.USB_DeactivateEndpoint                 0x080036ba   Section        0  stm32f1xx_ll_usb.o(i.USB_DeactivateEndpoint)
    i.USB_DevConnect                         0x080037c8   Section        0  stm32f1xx_ll_usb.o(i.USB_DevConnect)
    i.USB_DevDisconnect                      0x080037cc   Section        0  stm32f1xx_ll_usb.o(i.USB_DevDisconnect)
    i.USB_DevInit                            0x080037d0   Section        0  stm32f1xx_ll_usb.o(i.USB_DevInit)
    i.USB_DisableGlobalInt                   0x080037ee   Section        0  stm32f1xx_ll_usb.o(i.USB_DisableGlobalInt)
    i.USB_EP0_OutStart                       0x080037fc   Section        0  stm32f1xx_ll_usb.o(i.USB_EP0_OutStart)
    i.USB_EPClearStall                       0x08003800   Section        0  stm32f1xx_ll_usb.o(i.USB_EPClearStall)
    i.USB_EPSetStall                         0x08003878   Section        0  stm32f1xx_ll_usb.o(i.USB_EPSetStall)
    i.USB_EPStartXfer                        0x080038aa   Section        0  stm32f1xx_ll_usb.o(i.USB_EPStartXfer)
    i.USB_EnableGlobalInt                    0x08003a46   Section        0  stm32f1xx_ll_usb.o(i.USB_EnableGlobalInt)
    i.USB_LP_CAN1_RX0_IRQHandler             0x08003a54   Section        0  stm32f1xx_it.o(i.USB_LP_CAN1_RX0_IRQHandler)
    i.USB_ReadInterrupts                     0x08003a60   Section        0  stm32f1xx_ll_usb.o(i.USB_ReadInterrupts)
    i.USB_ReadPMA                            0x08003a68   Section        0  stm32f1xx_ll_usb.o(i.USB_ReadPMA)
    i.USB_SetCurrentMode                     0x08003a94   Section        0  stm32f1xx_ll_usb.o(i.USB_SetCurrentMode)
    i.USB_SetDevAddress                      0x08003a98   Section        0  stm32f1xx_ll_usb.o(i.USB_SetDevAddress)
    i.USB_WritePMA                           0x08003aa4   Section        0  stm32f1xx_ll_usb.o(i.USB_WritePMA)
    i.UsageFault_Handler                     0x08003aca   Section        0  stm32f1xx_it.o(i.UsageFault_Handler)
    i.__NVIC_SetPriority                     0x08003acc   Section        0  stm32f1xx_hal_cortex.o(i.__NVIC_SetPriority)
    __NVIC_SetPriority                       0x08003acd   Thumb Code    32  stm32f1xx_hal_cortex.o(i.__NVIC_SetPriority)
    i.__scatterload_copy                     0x08003aec   Section       14  handlers.o(i.__scatterload_copy)
    i.__scatterload_null                     0x08003afa   Section        2  handlers.o(i.__scatterload_null)
    i.__scatterload_zeroinit                 0x08003afc   Section       14  handlers.o(i.__scatterload_zeroinit)
    i.main                                   0x08003b0c   Section        0  main.o(i.main)
    .constdata                               0x08003c34   Section       16  system_stm32f1xx.o(.constdata)
    .constdata                               0x08003c44   Section        8  system_stm32f1xx.o(.constdata)
    .data                                    0x20000000   Section       14  main.o(.data)
    .data                                    0x20000010   Section       28  usbd_desc.o(.data)
    .data                                    0x2000002c   Section       50  usbd_desc.o(.data)
    .data                                    0x20000060   Section      101  usbd_custom_hid_if.o(.data)
    CUSTOM_HID_ReportDesc_FS                 0x20000060   Data         101  usbd_custom_hid_if.o(.data)
    .data                                    0x200000c8   Section       16  usbd_custom_hid_if.o(.data)
    .data                                    0x200000d8   Section       12  stm32f1xx_hal.o(.data)
    .data                                    0x200000e4   Section        4  system_stm32f1xx.o(.data)
    .data                                    0x200000e8   Section        1  usbd_ctlreq.o(.data)
    cfgidx                                   0x200000e8   Data           1  usbd_ctlreq.o(.data)
    .data                                    0x200000ec   Section       56  usbd_customhid.o(.data)
    .data                                    0x20000124   Section      154  usbd_customhid.o(.data)
    USBD_CUSTOM_HID_CfgFSDesc                0x20000124   Data          41  usbd_customhid.o(.data)
    USBD_CUSTOM_HID_CfgHSDesc                0x20000150   Data          41  usbd_customhid.o(.data)
    USBD_CUSTOM_HID_OtherSpeedCfgDesc        0x2000017c   Data          41  usbd_customhid.o(.data)
    USBD_CUSTOM_HID_Desc                     0x200001a8   Data           9  usbd_customhid.o(.data)
    USBD_CUSTOM_HID_DeviceQualifierDesc      0x200001b4   Data          10  usbd_customhid.o(.data)
    .bss                                     0x200001c0   Section      188  main.o(.bss)
    .bss                                     0x2000027c   Section       68  main.o(.bss)
    .bss                                     0x200002c0   Section      708  usb_device.o(.bss)
    .bss                                     0x20000584   Section      676  usbd_conf.o(.bss)
    mem                                      0x20000584   Data          56  usbd_conf.o(.bss)
    .bss                                     0x20000828   Section      512  usbd_desc.o(.bss)
    STACK                                    0x20000a28   Section     1024  startup_stm32f103xb.o(STACK)

    Global Symbols

    Symbol Name                              Value     Ov Type        Size  Object(Section)

    BuildAttributes$$THM_ISAv4$P$D$K$B$S$PE$A:L22UL41UL21$X:L11$S22US41US21$IEEE1$IW$USESV6$~STKCKD$USESV7$~SHL$OSPACE$EBA8$MICROLIB$REQ8$PRES8$EABIv2 0x00000000   Number         0  anon$$obj.o ABSOLUTE
    __ARM_use_no_argv                        0x00000000   Number         0  main.o ABSOLUTE
    __cpp_initialize__aeabi_                  - Undefined Weak Reference
    __cxa_finalize                            - Undefined Weak Reference
    _clock_init                               - Undefined Weak Reference
    _microlib_exit                            - Undefined Weak Reference
    __Vectors_Size                           0x000000ec   Number         0  startup_stm32f103xb.o ABSOLUTE
    __Vectors                                0x08000000   Data           4  startup_stm32f103xb.o(RESET)
    __Vectors_End                            0x080000ec   Data           0  startup_stm32f103xb.o(RESET)
    __main                                   0x080000ed   Thumb Code     0  entry.o(.ARM.Collect$$$$00000000)
    _main_stk                                0x080000ed   Thumb Code     0  entry2.o(.ARM.Collect$$$$00000001)
    _main_scatterload                        0x080000f1   Thumb Code     0  entry5.o(.ARM.Collect$$$$00000004)
    __main_after_scatterload                 0x080000f5   Thumb Code     0  entry5.o(.ARM.Collect$$$$00000004)
    _main_clock                              0x080000f5   Thumb Code     0  entry7b.o(.ARM.Collect$$$$00000008)
    _main_cpp_init                           0x080000f5   Thumb Code     0  entry8b.o(.ARM.Collect$$$$0000000A)
    _main_init                               0x080000f5   Thumb Code     0  entry9a.o(.ARM.Collect$$$$0000000B)
    __rt_final_cpp                           0x080000fd   Thumb Code     0  entry10a.o(.ARM.Collect$$$$0000000D)
    __rt_final_exit                          0x080000fd   Thumb Code     0  entry11a.o(.ARM.Collect$$$$0000000F)
    Reset_Handler                            0x08000101   Thumb Code     8  startup_stm32f103xb.o(.text)
    ADC1_2_IRQHandler                        0x0800011b   Thumb Code     0  startup_stm32f103xb.o(.text)
    CAN1_RX1_IRQHandler                      0x0800011b   Thumb Code     0  startup_stm32f103xb.o(.text)
    CAN1_SCE_IRQHandler                      0x0800011b   Thumb Code     0  startup_stm32f103xb.o(.text)
    DMA1_Channel1_IRQHandler                 0x0800011b   Thumb Code     0  startup_stm32f103xb.o(.text)
    DMA1_Channel2_IRQHandler                 0x0800011b   Thumb Code     0  startup_stm32f103xb.o(.text)
    DMA1_Channel3_IRQHandler                 0x0800011b   Thumb Code     0  startup_stm32f103xb.o(.text)
    DMA1_Channel4_IRQHandler                 0x0800011b   Thumb Code     0  startup_stm32f103xb.o(.text)
    DMA1_Channel5_IRQHandler                 0x0800011b   Thumb Code     0  startup_stm32f103xb.o(.text)
    DMA1_Channel7_IRQHandler                 0x0800011b   Thumb Code     0  startup_stm32f103xb.o(.text)
    EXTI0_IRQHandler                         0x0800011b   Thumb Code     0  startup_stm32f103xb.o(.text)
    EXTI15_10_IRQHandler                     0x0800011b   Thumb Code     0  startup_stm32f103xb.o(.text)
    EXTI1_IRQHandler                         0x0800011b   Thumb Code     0  startup_stm32f103xb.o(.text)
    EXTI2_IRQHandler                         0x0800011b   Thumb Code     0  startup_stm32f103xb.o(.text)
    EXTI3_IRQHandler                         0x0800011b   Thumb Code     0  startup_stm32f103xb.o(.text)
    EXTI4_IRQHandler                         0x0800011b   Thumb Code     0  startup_stm32f103xb.o(.text)
    EXTI9_5_IRQHandler                       0x0800011b   Thumb Code     0  startup_stm32f103xb.o(.text)
    FLASH_IRQHandler                         0x0800011b   Thumb Code     0  startup_stm32f103xb.o(.text)
    I2C1_ER_IRQHandler                       0x0800011b   Thumb Code     0  startup_stm32f103xb.o(.text)
    I2C2_ER_IRQHandler                       0x0800011b   Thumb Code     0  startup_stm32f103xb.o(.text)
    I2C2_EV_IRQHandler                       0x0800011b   Thumb Code     0  startup_stm32f103xb.o(.text)
    PVD_IRQHandler                           0x0800011b   Thumb Code     0  startup_stm32f103xb.o(.text)
    RCC_IRQHandler                           0x0800011b   Thumb Code     0  startup_stm32f103xb.o(.text)
    RTC_Alarm_IRQHandler                     0x0800011b   Thumb Code     0  startup_stm32f103xb.o(.text)
    RTC_IRQHandler                           0x0800011b   Thumb Code     0  startup_stm32f103xb.o(.text)
    SPI1_IRQHandler                          0x0800011b   Thumb Code     0  startup_stm32f103xb.o(.text)
    SPI2_IRQHandler                          0x0800011b   Thumb Code     0  startup_stm32f103xb.o(.text)
    TAMPER_IRQHandler                        0x0800011b   Thumb Code     0  startup_stm32f103xb.o(.text)
    TIM1_BRK_IRQHandler                      0x0800011b   Thumb Code     0  startup_stm32f103xb.o(.text)
    TIM1_CC_IRQHandler                       0x0800011b   Thumb Code     0  startup_stm32f103xb.o(.text)
    TIM1_TRG_COM_IRQHandler                  0x0800011b   Thumb Code     0  startup_stm32f103xb.o(.text)
    TIM1_UP_IRQHandler                       0x0800011b   Thumb Code     0  startup_stm32f103xb.o(.text)
    TIM2_IRQHandler                          0x0800011b   Thumb Code     0  startup_stm32f103xb.o(.text)
    TIM3_IRQHandler                          0x0800011b   Thumb Code     0  startup_stm32f103xb.o(.text)
    TIM4_IRQHandler                          0x0800011b   Thumb Code     0  startup_stm32f103xb.o(.text)
    USART1_IRQHandler                        0x0800011b   Thumb Code     0  startup_stm32f103xb.o(.text)
    USART2_IRQHandler                        0x0800011b   Thumb Code     0  startup_stm32f103xb.o(.text)
    USART3_IRQHandler                        0x0800011b   Thumb Code     0  startup_stm32f103xb.o(.text)
    USBWakeUp_IRQHandler                     0x0800011b   Thumb Code     0  startup_stm32f103xb.o(.text)
    USB_HP_CAN1_TX_IRQHandler                0x0800011b   Thumb Code     0  startup_stm32f103xb.o(.text)
    WWDG_IRQHandler                          0x0800011b   Thumb Code     0  startup_stm32f103xb.o(.text)
    __aeabi_memcpy                           0x08000125   Thumb Code    36  memcpya.o(.text)
    __aeabi_memcpy4                          0x08000125   Thumb Code     0  memcpya.o(.text)
    __aeabi_memcpy8                          0x08000125   Thumb Code     0  memcpya.o(.text)
    __aeabi_memset                           0x08000149   Thumb Code    14  memseta.o(.text)
    __aeabi_memset4                          0x08000149   Thumb Code     0  memseta.o(.text)
    __aeabi_memset8                          0x08000149   Thumb Code     0  memseta.o(.text)
    __aeabi_memclr                           0x08000157   Thumb Code     4  memseta.o(.text)
    __aeabi_memclr4                          0x08000157   Thumb Code     0  memseta.o(.text)
    __aeabi_memclr8                          0x08000157   Thumb Code     0  memseta.o(.text)
    _memset$wrapper                          0x0800015b   Thumb Code    18  memseta.o(.text)
    __scatterload                            0x0800016d   Thumb Code    28  init.o(.text)
    __scatterload_rt2                        0x0800016d   Thumb Code     0  init.o(.text)
    __decompress                             0x08000191   Thumb Code     0  __dczerorl2.o(.text)
    __decompress1                            0x08000191   Thumb Code    86  __dczerorl2.o(.text)
    BusFault_Handler                         0x080001e7   Thumb Code     2  stm32f1xx_it.o(i.BusFault_Handler)
    DMA1_Channel6_IRQHandler                 0x080001f5   Thumb Code     6  stm32f1xx_it.o(i.DMA1_Channel6_IRQHandler)
    DebugMon_Handler                         0x0800022b   Thumb Code     2  stm32f1xx_it.o(i.DebugMon_Handler)
    Error_Handler                            0x0800022d   Thumb Code     2  main.o(i.Error_Handler)
    HAL_DMA_Abort_IT                         0x08000231   Thumb Code   148  stm32f1xx_hal_dma.o(i.HAL_DMA_Abort_IT)
    HAL_DMA_GetState                         0x080002c9   Thumb Code     6  stm32f1xx_hal_dma.o(i.HAL_DMA_GetState)
    HAL_DMA_IRQHandler                       0x080002d1   Thumb Code   316  stm32f1xx_hal_dma.o(i.HAL_DMA_IRQHandler)
    HAL_DMA_Init                             0x08000425   Thumb Code    84  stm32f1xx_hal_dma.o(i.HAL_DMA_Init)
    HAL_DMA_Start_IT                         0x08000481   Thumb Code   112  stm32f1xx_hal_dma.o(i.HAL_DMA_Start_IT)
    HAL_Delay                                0x080004f1   Thumb Code    32  stm32f1xx_hal.o(i.HAL_Delay)
    HAL_GPIO_Init                            0x08000515   Thumb Code   446  stm32f1xx_hal_gpio.o(i.HAL_GPIO_Init)
    HAL_GetTick                              0x080006f5   Thumb Code     6  stm32f1xx_hal.o(i.HAL_GetTick)
    HAL_I2C_AbortCpltCallback                0x08000701   Thumb Code     2  stm32f1xx_hal_i2c.o(i.HAL_I2C_AbortCpltCallback)
    HAL_I2C_AddrCallback                     0x08000703   Thumb Code     2  stm32f1xx_hal_i2c.o(i.HAL_I2C_AddrCallback)
    HAL_I2C_EV_IRQHandler                    0x08000705   Thumb Code   602  stm32f1xx_hal_i2c.o(i.HAL_I2C_EV_IRQHandler)
    HAL_I2C_ErrorCallback                    0x0800095f   Thumb Code     2  stm32f1xx_hal_i2c.o(i.HAL_I2C_ErrorCallback)
    HAL_I2C_Init                             0x08000961   Thumb Code   356  stm32f1xx_hal_i2c.o(i.HAL_I2C_Init)
    HAL_I2C_ListenCpltCallback               0x08000ad5   Thumb Code     2  stm32f1xx_hal_i2c.o(i.HAL_I2C_ListenCpltCallback)
    HAL_I2C_MasterRxCpltCallback             0x08000ad7   Thumb Code     2  stm32f1xx_hal_i2c.o(i.HAL_I2C_MasterRxCpltCallback)
    HAL_I2C_MasterTxCpltCallback             0x08000ad9   Thumb Code     2  stm32f1xx_hal_i2c.o(i.HAL_I2C_MasterTxCpltCallback)
    HAL_I2C_MemRxCpltCallback                0x08000adb   Thumb Code     2  stm32f1xx_hal_i2c.o(i.HAL_I2C_MemRxCpltCallback)
    HAL_I2C_MemTxCpltCallback                0x08000add   Thumb Code     2  stm32f1xx_hal_i2c.o(i.HAL_I2C_MemTxCpltCallback)
    HAL_I2C_MspInit                          0x08000ae1   Thumb Code    96  stm32f1xx_hal_msp.o(i.HAL_I2C_MspInit)
    HAL_I2C_SlaveRxCpltCallback              0x08000b4d   Thumb Code     2  stm32f1xx_hal_i2c.o(i.HAL_I2C_SlaveRxCpltCallback)
    HAL_I2C_SlaveTxCpltCallback              0x08000b4f   Thumb Code     2  stm32f1xx_hal_i2c.o(i.HAL_I2C_SlaveTxCpltCallback)
    HAL_IncTick                              0x08000b51   Thumb Code    12  stm32f1xx_hal.o(i.HAL_IncTick)
    HAL_Init                                 0x08000b61   Thumb Code    32  stm32f1xx_hal.o(i.HAL_Init)
    HAL_InitTick                             0x08000b85   Thumb Code    54  stm32f1xx_hal.o(i.HAL_InitTick)
    HAL_MspInit                              0x08000bc5   Thumb Code    52  stm32f1xx_hal_msp.o(i.HAL_MspInit)
    HAL_NVIC_EnableIRQ                       0x08000c01   Thumb Code    26  stm32f1xx_hal_cortex.o(i.HAL_NVIC_EnableIRQ)
    HAL_NVIC_SetPriority                     0x08000c1d   Thumb Code    60  stm32f1xx_hal_cortex.o(i.HAL_NVIC_SetPriority)
    HAL_NVIC_SetPriorityGrouping             0x08000c5d   Thumb Code    26  stm32f1xx_hal_cortex.o(i.HAL_NVIC_SetPriorityGrouping)
    HAL_PCDEx_PMAConfig                      0x08000c81   Thumb Code    52  stm32f1xx_hal_pcd_ex.o(i.HAL_PCDEx_PMAConfig)
    HAL_PCDEx_SetConnectionState             0x08000cb5   Thumb Code     2  usbd_conf.o(i.HAL_PCDEx_SetConnectionState)
    HAL_PCD_DataInStageCallback              0x08000cb7   Thumb Code    14  usbd_conf.o(i.HAL_PCD_DataInStageCallback)
    HAL_PCD_DataOutStageCallback             0x08000cc5   Thumb Code    16  usbd_conf.o(i.HAL_PCD_DataOutStageCallback)
    HAL_PCD_EP_Close                         0x08000cd5   Thumb Code    72  stm32f1xx_hal_pcd.o(i.HAL_PCD_EP_Close)
    HAL_PCD_EP_ClrStall                      0x08000d1d   Thumb Code    88  stm32f1xx_hal_pcd.o(i.HAL_PCD_EP_ClrStall)
    HAL_PCD_EP_Open                          0x08000d75   Thumb Code    92  stm32f1xx_hal_pcd.o(i.HAL_PCD_EP_Open)
    HAL_PCD_EP_Receive                       0x08000dd1   Thumb Code    46  stm32f1xx_hal_pcd.o(i.HAL_PCD_EP_Receive)
    HAL_PCD_EP_SetStall                      0x08000dff   Thumb Code   106  stm32f1xx_hal_pcd.o(i.HAL_PCD_EP_SetStall)
    HAL_PCD_EP_Transmit                      0x08000e69   Thumb Code    42  stm32f1xx_hal_pcd.o(i.HAL_PCD_EP_Transmit)
    HAL_PCD_IRQHandler                       0x08000e93   Thumb Code   278  stm32f1xx_hal_pcd.o(i.HAL_PCD_IRQHandler)
    HAL_PCD_Init                             0x08000fa9   Thumb Code   210  stm32f1xx_hal_pcd.o(i.HAL_PCD_Init)
    HAL_PCD_MspInit                          0x0800107d   Thumb Code    50  usbd_conf.o(i.HAL_PCD_MspInit)
    HAL_PCD_ResetCallback                    0x080010b9   Thumb Code    38  usbd_conf.o(i.HAL_PCD_ResetCallback)
    HAL_PCD_ResumeCallback                   0x080010df   Thumb Code     8  usbd_conf.o(i.HAL_PCD_ResumeCallback)
    HAL_PCD_SOFCallback                      0x080010e7   Thumb Code     8  usbd_conf.o(i.HAL_PCD_SOFCallback)
    HAL_PCD_SetAddress                       0x080010ef   Thumb Code    40  stm32f1xx_hal_pcd.o(i.HAL_PCD_SetAddress)
    HAL_PCD_SetupStageCallback               0x08001117   Thumb Code    14  usbd_conf.o(i.HAL_PCD_SetupStageCallback)
    HAL_PCD_Start                            0x08001125   Thumb Code    50  stm32f1xx_hal_pcd.o(i.HAL_PCD_Start)
    HAL_PCD_SuspendCallback                  0x08001159   Thumb Code    30  usbd_conf.o(i.HAL_PCD_SuspendCallback)
    HAL_RCCEx_PeriphCLKConfig                0x0800117d   Thumb Code   224  stm32f1xx_hal_rcc_ex.o(i.HAL_RCCEx_PeriphCLKConfig)
    HAL_RCC_ClockConfig                      0x08001269   Thumb Code   280  stm32f1xx_hal_rcc.o(i.HAL_RCC_ClockConfig)
    HAL_RCC_GetPCLK1Freq                     0x08001395   Thumb Code    20  stm32f1xx_hal_rcc.o(i.HAL_RCC_GetPCLK1Freq)
    HAL_RCC_GetPCLK2Freq                     0x080013b5   Thumb Code    20  stm32f1xx_hal_rcc.o(i.HAL_RCC_GetPCLK2Freq)
    HAL_RCC_GetSysClockFreq                  0x080013d5   Thumb Code    74  stm32f1xx_hal_rcc.o(i.HAL_RCC_GetSysClockFreq)
    HAL_RCC_OscConfig                        0x08001441   Thumb Code   778  stm32f1xx_hal_rcc.o(i.HAL_RCC_OscConfig)
    HAL_SYSTICK_Config                       0x08001761   Thumb Code    40  stm32f1xx_hal_cortex.o(i.HAL_SYSTICK_Config)
    HAL_UART_ErrorCallback                   0x08001789   Thumb Code     2  stm32f1xx_hal_uart.o(i.HAL_UART_ErrorCallback)
    HAL_UART_Init                            0x0800178b   Thumb Code    98  stm32f1xx_hal_uart.o(i.HAL_UART_Init)
    HAL_UART_MspInit                         0x080017ed   Thumb Code   138  stm32f1xx_hal_msp.o(i.HAL_UART_MspInit)
    HAL_UART_Receive_DMA                     0x0800188d   Thumb Code   138  stm32f1xx_hal_uart.o(i.HAL_UART_Receive_DMA)
    HAL_UART_RxCpltCallback                  0x08001925   Thumb Code    78  main.o(i.HAL_UART_RxCpltCallback)
    HAL_UART_RxHalfCpltCallback              0x0800197d   Thumb Code     2  stm32f1xx_hal_uart.o(i.HAL_UART_RxHalfCpltCallback)
    HAL_UART_Transmit                        0x0800197f   Thumb Code   186  stm32f1xx_hal_uart.o(i.HAL_UART_Transmit)
    HardFault_Handler                        0x08001a39   Thumb Code     2  stm32f1xx_it.o(i.HardFault_Handler)
    I2C1_EV_IRQHandler                       0x08001a3d   Thumb Code     6  stm32f1xx_it.o(i.I2C1_EV_IRQHandler)
    MX_USB_DEVICE_Init                       0x08002271   Thumb Code    66  usb_device.o(i.MX_USB_DEVICE_Init)
    MemManage_Handler                        0x080022c5   Thumb Code     2  stm32f1xx_it.o(i.MemManage_Handler)
    NMI_Handler                              0x080022c7   Thumb Code     2  stm32f1xx_it.o(i.NMI_Handler)
    PendSV_Handler                           0x0800258b   Thumb Code     2  stm32f1xx_it.o(i.PendSV_Handler)
    SVC_Handler                              0x0800258d   Thumb Code     2  stm32f1xx_it.o(i.SVC_Handler)
    SysTick_Handler                          0x0800258f   Thumb Code     4  stm32f1xx_it.o(i.SysTick_Handler)
    SystemClock_Config                       0x08002593   Thumb Code    96  main.o(i.SystemClock_Config)
    SystemInit                               0x080025f5   Thumb Code    56  system_stm32f1xx.o(i.SystemInit)
    USBD_CUSTOM_HID_RegisterInterface        0x08002929   Thumb Code    16  usbd_customhid.o(i.USBD_CUSTOM_HID_RegisterInterface)
    USBD_CUSTOM_HID_SendReport               0x08002939   Thumb Code    44  usbd_customhid.o(i.USBD_CUSTOM_HID_SendReport)
    USBD_ClrClassConfig                      0x08002a45   Thumb Code    14  usbd_core.o(i.USBD_ClrClassConfig)
    USBD_CtlContinueRx                       0x08002a53   Thumb Code    16  usbd_ioreq.o(i.USBD_CtlContinueRx)
    USBD_CtlContinueSendData                 0x08002a63   Thumb Code    16  usbd_ioreq.o(i.USBD_CtlContinueSendData)
    USBD_CtlError                            0x08002a73   Thumb Code    22  usbd_ctlreq.o(i.USBD_CtlError)
    USBD_CtlPrepareRx                        0x08002a89   Thumb Code    30  usbd_ioreq.o(i.USBD_CtlPrepareRx)
    USBD_CtlReceiveStatus                    0x08002aa7   Thumb Code    22  usbd_ioreq.o(i.USBD_CtlReceiveStatus)
    USBD_CtlSendData                         0x08002abd   Thumb Code    26  usbd_ioreq.o(i.USBD_CtlSendData)
    USBD_CtlSendStatus                       0x08002ad7   Thumb Code    22  usbd_ioreq.o(i.USBD_CtlSendStatus)
    USBD_FS_ConfigStrDescriptor              0x08002aed   Thumb Code    16  usbd_desc.o(i.USBD_FS_ConfigStrDescriptor)
    USBD_FS_DeviceDescriptor                 0x08002b15   Thumb Code     8  usbd_desc.o(i.USBD_FS_DeviceDescriptor)
    USBD_FS_InterfaceStrDescriptor           0x08002b21   Thumb Code    16  usbd_desc.o(i.USBD_FS_InterfaceStrDescriptor)
    USBD_FS_LangIDStrDescriptor              0x08002b4d   Thumb Code     8  usbd_desc.o(i.USBD_FS_LangIDStrDescriptor)
    USBD_FS_ManufacturerStrDescriptor        0x08002b59   Thumb Code    16  usbd_desc.o(i.USBD_FS_ManufacturerStrDescriptor)
    USBD_FS_ProductStrDescriptor             0x08002b81   Thumb Code    16  usbd_desc.o(i.USBD_FS_ProductStrDescriptor)
    USBD_FS_SerialStrDescriptor              0x08002bb5   Thumb Code    48  usbd_desc.o(i.USBD_FS_SerialStrDescriptor)
    USBD_GetString                           0x08002cd5   Thumb Code    72  usbd_ctlreq.o(i.USBD_GetString)
    USBD_Init                                0x08002d35   Thumb Code    42  usbd_core.o(i.USBD_Init)
    USBD_LL_ClearStallEP                     0x08002d5f   Thumb Code    18  usbd_conf.o(i.USBD_LL_ClearStallEP)
    USBD_LL_CloseEP                          0x08002d71   Thumb Code    18  usbd_conf.o(i.USBD_LL_CloseEP)
    USBD_LL_DataInStage                      0x08002d83   Thumb Code   198  usbd_core.o(i.USBD_LL_DataInStage)
    USBD_LL_DataOutStage                     0x08002e49   Thumb Code   130  usbd_core.o(i.USBD_LL_DataOutStage)
    USBD_LL_Init                             0x08002ecd   Thumb Code   104  usbd_conf.o(i.USBD_LL_Init)
    USBD_LL_IsStallEP                        0x08002f3d   Thumb Code    28  usbd_conf.o(i.USBD_LL_IsStallEP)
    USBD_LL_OpenEP                           0x08002f59   Thumb Code    24  usbd_conf.o(i.USBD_LL_OpenEP)
    USBD_LL_PrepareReceive                   0x08002f71   Thumb Code    18  usbd_conf.o(i.USBD_LL_PrepareReceive)
    USBD_LL_Reset                            0x08002f83   Thumb Code    80  usbd_core.o(i.USBD_LL_Reset)
    USBD_LL_Resume                           0x08002fd3   Thumb Code    20  usbd_core.o(i.USBD_LL_Resume)
    USBD_LL_SOF                              0x08002fe7   Thumb Code    24  usbd_core.o(i.USBD_LL_SOF)
    USBD_LL_SetSpeed                         0x08002fff   Thumb Code     6  usbd_core.o(i.USBD_LL_SetSpeed)
    USBD_LL_SetUSBAddress                    0x08003005   Thumb Code    18  usbd_conf.o(i.USBD_LL_SetUSBAddress)
    USBD_LL_SetupStage                       0x08003017   Thumb Code    90  usbd_core.o(i.USBD_LL_SetupStage)
    USBD_LL_StallEP                          0x08003071   Thumb Code    18  usbd_conf.o(i.USBD_LL_StallEP)
    USBD_LL_Start                            0x08003083   Thumb Code    18  usbd_conf.o(i.USBD_LL_Start)
    USBD_LL_Suspend                          0x08003095   Thumb Code    18  usbd_core.o(i.USBD_LL_Suspend)
    USBD_LL_Transmit                         0x080030a7   Thumb Code    18  usbd_conf.o(i.USBD_LL_Transmit)
    USBD_ParseSetupRequest                   0x080030b9   Thumb Code    40  usbd_ctlreq.o(i.USBD_ParseSetupRequest)
    USBD_RegisterClass                       0x080030e1   Thumb Code    16  usbd_core.o(i.USBD_RegisterClass)
    USBD_SetClassConfig                      0x080030f1   Thumb Code    22  usbd_core.o(i.USBD_SetClassConfig)
    USBD_Start                               0x0800318d   Thumb Code    10  usbd_core.o(i.USBD_Start)
    USBD_StdDevReq                           0x08003197   Thumb Code   274  usbd_ctlreq.o(i.USBD_StdDevReq)
    USBD_StdEPReq                            0x080032a9   Thumb Code   336  usbd_ctlreq.o(i.USBD_StdEPReq)
    USBD_StdItfReq                           0x080033f9   Thumb Code    78  usbd_ctlreq.o(i.USBD_StdItfReq)
    USBD_static_free                         0x08003447   Thumb Code     2  usbd_conf.o(i.USBD_static_free)
    USBD_static_malloc                       0x08003449   Thumb Code     4  usbd_conf.o(i.USBD_static_malloc)
    USB_ActivateEndpoint                     0x08003451   Thumb Code   614  stm32f1xx_ll_usb.o(i.USB_ActivateEndpoint)
    USB_CoreInit                             0x080036b7   Thumb Code     4  stm32f1xx_ll_usb.o(i.USB_CoreInit)
    USB_DeactivateEndpoint                   0x080036bb   Thumb Code   270  stm32f1xx_ll_usb.o(i.USB_DeactivateEndpoint)
    USB_DevConnect                           0x080037c9   Thumb Code     4  stm32f1xx_ll_usb.o(i.USB_DevConnect)
    USB_DevDisconnect                        0x080037cd   Thumb Code     4  stm32f1xx_ll_usb.o(i.USB_DevDisconnect)
    USB_DevInit                              0x080037d1   Thumb Code    30  stm32f1xx_ll_usb.o(i.USB_DevInit)
    USB_DisableGlobalInt                     0x080037ef   Thumb Code    14  stm32f1xx_ll_usb.o(i.USB_DisableGlobalInt)
    USB_EP0_OutStart                         0x080037fd   Thumb Code     4  stm32f1xx_ll_usb.o(i.USB_EP0_OutStart)
    USB_EPClearStall                         0x08003801   Thumb Code   120  stm32f1xx_ll_usb.o(i.USB_EPClearStall)
    USB_EPSetStall                           0x08003879   Thumb Code    50  stm32f1xx_ll_usb.o(i.USB_EPSetStall)
    USB_EPStartXfer                          0x080038ab   Thumb Code   412  stm32f1xx_ll_usb.o(i.USB_EPStartXfer)
    USB_EnableGlobalInt                      0x08003a47   Thumb Code    14  stm32f1xx_ll_usb.o(i.USB_EnableGlobalInt)
    USB_LP_CAN1_RX0_IRQHandler               0x08003a55   Thumb Code     6  stm32f1xx_it.o(i.USB_LP_CAN1_RX0_IRQHandler)
    USB_ReadInterrupts                       0x08003a61   Thumb Code     6  stm32f1xx_ll_usb.o(i.USB_ReadInterrupts)
    USB_ReadPMA                              0x08003a69   Thumb Code    44  stm32f1xx_ll_usb.o(i.USB_ReadPMA)
    USB_SetCurrentMode                       0x08003a95   Thumb Code     4  stm32f1xx_ll_usb.o(i.USB_SetCurrentMode)
    USB_SetDevAddress                        0x08003a99   Thumb Code    12  stm32f1xx_ll_usb.o(i.USB_SetDevAddress)
    USB_WritePMA                             0x08003aa5   Thumb Code    38  stm32f1xx_ll_usb.o(i.USB_WritePMA)
    UsageFault_Handler                       0x08003acb   Thumb Code     2  stm32f1xx_it.o(i.UsageFault_Handler)
    __scatterload_copy                       0x08003aed   Thumb Code    14  handlers.o(i.__scatterload_copy)
    __scatterload_null                       0x08003afb   Thumb Code     2  handlers.o(i.__scatterload_null)
    __scatterload_zeroinit                   0x08003afd   Thumb Code    14  handlers.o(i.__scatterload_zeroinit)
    main                                     0x08003b0d   Thumb Code   268  main.o(i.main)
    AHBPrescTable                            0x08003c34   Data          16  system_stm32f1xx.o(.constdata)
    APBPrescTable                            0x08003c44   Data           8  system_stm32f1xx.o(.constdata)
    Region$$Table$$Base                      0x08003c4c   Number         0  anon$$obj.o(Region$$Table)
    Region$$Table$$Limit                     0x08003c6c   Number         0  anon$$obj.o(Region$$Table)
    UART2_rxBuffer                           0x20000000   Data           4  main.o(.data)
    mouse_report                             0x20000004   Data           5  main.o(.data)
    keyboard_report                          0x20000009   Data           5  main.o(.data)
    FS_Desc                                  0x20000010   Data          28  usbd_desc.o(.data)
    USBD_LangIDDesc                          0x2000002c   Data           4  usbd_desc.o(.data)
    USBD_FS_DeviceDesc                       0x20000030   Data          18  usbd_desc.o(.data)
    USBD_StringSerial                        0x20000044   Data          26  usbd_desc.o(.data)
    USBD_CustomHID_fops_FS                   0x200000c8   Data          16  usbd_custom_hid_if.o(.data)
    uwTickFreq                               0x200000d8   Data           1  stm32f1xx_hal.o(.data)
    uwTickPrio                               0x200000dc   Data           4  stm32f1xx_hal.o(.data)
    uwTick                                   0x200000e0   Data           4  stm32f1xx_hal.o(.data)
    SystemCoreClock                          0x200000e4   Data           4  system_stm32f1xx.o(.data)
    USBD_CUSTOM_HID                          0x200000ec   Data          56  usbd_customhid.o(.data)
    hi2c1                                    0x200001c0   Data          84  main.o(.bss)
    huart2                                   0x20000214   Data          64  main.o(.bss)
    KeyList                                  0x20000254   Data          40  main.o(.bss)
    hdma_usart2_rx                           0x2000027c   Data          68  main.o(.bss)
    hUsbDeviceFS                             0x200002c0   Data         708  usb_device.o(.bss)
    hpcd_USB_FS                              0x200005bc   Data         620  usbd_conf.o(.bss)
    USBD_StrDesc                             0x20000828   Data         512  usbd_desc.o(.bss)
    __initial_sp                             0x20000e28   Data           0  startup_stm32f103xb.o(STACK)



==============================================================================

Memory Map of the image

  Image Entry point : 0x080000ed

  Load Region LR_IROM1 (Base: 0x08000000, Size: 0x00003e2c, Max: 0x00010000, ABSOLUTE, COMPRESSED[0x00003d64])

    Execution Region ER_IROM1 (Exec base: 0x08000000, Load base: 0x08000000, Size: 0x00003c6c, Max: 0x00010000, ABSOLUTE)

    Exec Addr    Load Addr    Size         Type   Attr      Idx    E Section Name        Object

    0x08000000   0x08000000   0x000000ec   Data   RO            3    RESET               startup_stm32f103xb.o
    0x080000ec   0x080000ec   0x00000000   Code   RO         3334  * .ARM.Collect$$$$00000000  mc_w.l(entry.o)
    0x080000ec   0x080000ec   0x00000004   Code   RO         3345    .ARM.Collect$$$$00000001  mc_w.l(entry2.o)
    0x080000f0   0x080000f0   0x00000004   Code   RO         3348    .ARM.Collect$$$$00000004  mc_w.l(entry5.o)
    0x080000f4   0x080000f4   0x00000000   Code   RO         3350    .ARM.Collect$$$$00000008  mc_w.l(entry7b.o)
    0x080000f4   0x080000f4   0x00000000   Code   RO         3352    .ARM.Collect$$$$0000000A  mc_w.l(entry8b.o)
    0x080000f4   0x080000f4   0x00000008   Code   RO         3353    .ARM.Collect$$$$0000000B  mc_w.l(entry9a.o)
    0x080000fc   0x080000fc   0x00000000   Code   RO         3355    .ARM.Collect$$$$0000000D  mc_w.l(entry10a.o)
    0x080000fc   0x080000fc   0x00000000   Code   RO         3357    .ARM.Collect$$$$0000000F  mc_w.l(entry11a.o)
    0x080000fc   0x080000fc   0x00000004   Code   RO         3346    .ARM.Collect$$$$00002712  mc_w.l(entry2.o)
    0x08000100   0x08000100   0x00000024   Code   RO            4    .text               startup_stm32f103xb.o
    0x08000124   0x08000124   0x00000024   Code   RO         3339    .text               mc_w.l(memcpya.o)
    0x08000148   0x08000148   0x00000024   Code   RO         3341    .text               mc_w.l(memseta.o)
    0x0800016c   0x0800016c   0x00000024   Code   RO         3359    .text               mc_w.l(init.o)
    0x08000190   0x08000190   0x00000056   Code   RO         3369    .text               mc_w.l(__dczerorl2.o)
    0x080001e6   0x080001e6   0x00000002   Code   RO          557    i.BusFault_Handler  stm32f1xx_it.o
    0x080001e8   0x080001e8   0x00000004   Code   RO          516    i.CUSTOM_HID_DeInit_FS  usbd_custom_hid_if.o
    0x080001ec   0x080001ec   0x00000004   Code   RO          517    i.CUSTOM_HID_Init_FS  usbd_custom_hid_if.o
    0x080001f0   0x080001f0   0x00000004   Code   RO          518    i.CUSTOM_HID_OutEvent_FS  usbd_custom_hid_if.o
    0x080001f4   0x080001f4   0x0000000c   Code   RO          558    i.DMA1_Channel6_IRQHandler  stm32f1xx_it.o
    0x08000200   0x08000200   0x0000002a   Code   RO         1568    i.DMA_SetConfig     stm32f1xx_hal_dma.o
    0x0800022a   0x0800022a   0x00000002   Code   RO          559    i.DebugMon_Handler  stm32f1xx_it.o
    0x0800022c   0x0800022c   0x00000002   Code   RO           13    i.Error_Handler     main.o
    0x0800022e   0x0800022e   0x00000002   PAD
    0x08000230   0x08000230   0x00000098   Code   RO         1570    i.HAL_DMA_Abort_IT  stm32f1xx_hal_dma.o
    0x080002c8   0x080002c8   0x00000006   Code   RO         1573    i.HAL_DMA_GetState  stm32f1xx_hal_dma.o
    0x080002ce   0x080002ce   0x00000002   PAD
    0x080002d0   0x080002d0   0x00000154   Code   RO         1574    i.HAL_DMA_IRQHandler  stm32f1xx_hal_dma.o
    0x08000424   0x08000424   0x0000005c   Code   RO         1575    i.HAL_DMA_Init      stm32f1xx_hal_dma.o
    0x08000480   0x08000480   0x00000070   Code   RO         1579    i.HAL_DMA_Start_IT  stm32f1xx_hal_dma.o
    0x080004f0   0x080004f0   0x00000024   Code   RO         1197    i.HAL_Delay         stm32f1xx_hal.o
    0x08000514   0x08000514   0x000001e0   Code   RO         1505    i.HAL_GPIO_Init     stm32f1xx_hal_gpio.o
    0x080006f4   0x080006f4   0x0000000c   Code   RO         1201    i.HAL_GetTick       stm32f1xx_hal.o
    0x08000700   0x08000700   0x00000002   Code   RO         2165    i.HAL_I2C_AbortCpltCallback  stm32f1xx_hal_i2c.o
    0x08000702   0x08000702   0x00000002   Code   RO         2166    i.HAL_I2C_AddrCallback  stm32f1xx_hal_i2c.o
    0x08000704   0x08000704   0x0000025a   Code   RO         2170    i.HAL_I2C_EV_IRQHandler  stm32f1xx_hal_i2c.o
    0x0800095e   0x0800095e   0x00000002   Code   RO         2172    i.HAL_I2C_ErrorCallback  stm32f1xx_hal_i2c.o
    0x08000960   0x08000960   0x00000174   Code   RO         2176    i.HAL_I2C_Init      stm32f1xx_hal_i2c.o
    0x08000ad4   0x08000ad4   0x00000002   Code   RO         2178    i.HAL_I2C_ListenCpltCallback  stm32f1xx_hal_i2c.o
    0x08000ad6   0x08000ad6   0x00000002   Code   RO         2179    i.HAL_I2C_MasterRxCpltCallback  stm32f1xx_hal_i2c.o
    0x08000ad8   0x08000ad8   0x00000002   Code   RO         2180    i.HAL_I2C_MasterTxCpltCallback  stm32f1xx_hal_i2c.o
    0x08000ada   0x08000ada   0x00000002   Code   RO         2192    i.HAL_I2C_MemRxCpltCallback  stm32f1xx_hal_i2c.o
    0x08000adc   0x08000adc   0x00000002   Code   RO         2193    i.HAL_I2C_MemTxCpltCallback  stm32f1xx_hal_i2c.o
    0x08000ade   0x08000ade   0x00000002   PAD
    0x08000ae0   0x08000ae0   0x0000006c   Code   RO          652    i.HAL_I2C_MspInit   stm32f1xx_hal_msp.o
    0x08000b4c   0x08000b4c   0x00000002   Code   RO         2202    i.HAL_I2C_SlaveRxCpltCallback  stm32f1xx_hal_i2c.o
    0x08000b4e   0x08000b4e   0x00000002   Code   RO         2203    i.HAL_I2C_SlaveTxCpltCallback  stm32f1xx_hal_i2c.o
    0x08000b50   0x08000b50   0x00000010   Code   RO         1207    i.HAL_IncTick       stm32f1xx_hal.o
    0x08000b60   0x08000b60   0x00000024   Code   RO         1208    i.HAL_Init          stm32f1xx_hal.o
    0x08000b84   0x08000b84   0x00000040   Code   RO         1209    i.HAL_InitTick      stm32f1xx_hal.o
    0x08000bc4   0x08000bc4   0x0000003c   Code   RO          653    i.HAL_MspInit       stm32f1xx_hal_msp.o
    0x08000c00   0x08000c00   0x0000001a   Code   RO         1665    i.HAL_NVIC_EnableIRQ  stm32f1xx_hal_cortex.o
    0x08000c1a   0x08000c1a   0x00000002   PAD
    0x08000c1c   0x08000c1c   0x00000040   Code   RO         1671    i.HAL_NVIC_SetPriority  stm32f1xx_hal_cortex.o
    0x08000c5c   0x08000c5c   0x00000024   Code   RO         1672    i.HAL_NVIC_SetPriorityGrouping  stm32f1xx_hal_cortex.o
    0x08000c80   0x08000c80   0x00000034   Code   RO          953    i.HAL_PCDEx_PMAConfig  stm32f1xx_hal_pcd_ex.o
    0x08000cb4   0x08000cb4   0x00000002   Code   RO          218    i.HAL_PCDEx_SetConnectionState  usbd_conf.o
    0x08000cb6   0x08000cb6   0x0000000e   Code   RO          220    i.HAL_PCD_DataInStageCallback  usbd_conf.o
    0x08000cc4   0x08000cc4   0x00000010   Code   RO          221    i.HAL_PCD_DataOutStageCallback  usbd_conf.o
    0x08000cd4   0x08000cd4   0x00000048   Code   RO          745    i.HAL_PCD_EP_Close  stm32f1xx_hal_pcd.o
    0x08000d1c   0x08000d1c   0x00000058   Code   RO          746    i.HAL_PCD_EP_ClrStall  stm32f1xx_hal_pcd.o
    0x08000d74   0x08000d74   0x0000005c   Code   RO          749    i.HAL_PCD_EP_Open   stm32f1xx_hal_pcd.o
    0x08000dd0   0x08000dd0   0x0000002e   Code   RO          750    i.HAL_PCD_EP_Receive  stm32f1xx_hal_pcd.o
    0x08000dfe   0x08000dfe   0x0000006a   Code   RO          751    i.HAL_PCD_EP_SetStall  stm32f1xx_hal_pcd.o
    0x08000e68   0x08000e68   0x0000002a   Code   RO          752    i.HAL_PCD_EP_Transmit  stm32f1xx_hal_pcd.o
    0x08000e92   0x08000e92   0x00000116   Code   RO          754    i.HAL_PCD_IRQHandler  stm32f1xx_hal_pcd.o
    0x08000fa8   0x08000fa8   0x000000d2   Code   RO          757    i.HAL_PCD_Init      stm32f1xx_hal_pcd.o
    0x0800107a   0x0800107a   0x00000002   PAD
    0x0800107c   0x0800107c   0x0000003c   Code   RO          226    i.HAL_PCD_MspInit   usbd_conf.o
    0x080010b8   0x080010b8   0x00000026   Code   RO          227    i.HAL_PCD_ResetCallback  usbd_conf.o
    0x080010de   0x080010de   0x00000008   Code   RO          228    i.HAL_PCD_ResumeCallback  usbd_conf.o
    0x080010e6   0x080010e6   0x00000008   Code   RO          229    i.HAL_PCD_SOFCallback  usbd_conf.o
    0x080010ee   0x080010ee   0x00000028   Code   RO          763    i.HAL_PCD_SetAddress  stm32f1xx_hal_pcd.o
    0x08001116   0x08001116   0x0000000e   Code   RO          230    i.HAL_PCD_SetupStageCallback  usbd_conf.o
    0x08001124   0x08001124   0x00000032   Code   RO          765    i.HAL_PCD_Start     stm32f1xx_hal_pcd.o
    0x08001156   0x08001156   0x00000002   PAD
    0x08001158   0x08001158   0x00000024   Code   RO          231    i.HAL_PCD_SuspendCallback  usbd_conf.o
    0x0800117c   0x0800117c   0x000000ec   Code   RO         1468    i.HAL_RCCEx_PeriphCLKConfig  stm32f1xx_hal_rcc_ex.o
    0x08001268   0x08001268   0x0000012c   Code   RO         1365    i.HAL_RCC_ClockConfig  stm32f1xx_hal_rcc.o
    0x08001394   0x08001394   0x00000020   Code   RO         1372    i.HAL_RCC_GetPCLK1Freq  stm32f1xx_hal_rcc.o
    0x080013b4   0x080013b4   0x00000020   Code   RO         1373    i.HAL_RCC_GetPCLK2Freq  stm32f1xx_hal_rcc.o
    0x080013d4   0x080013d4   0x0000006c   Code   RO         1374    i.HAL_RCC_GetSysClockFreq  stm32f1xx_hal_rcc.o
    0x08001440   0x08001440   0x00000320   Code   RO         1377    i.HAL_RCC_OscConfig  stm32f1xx_hal_rcc.o
    0x08001760   0x08001760   0x00000028   Code   RO         1676    i.HAL_SYSTICK_Config  stm32f1xx_hal_cortex.o
    0x08001788   0x08001788   0x00000002   Code   RO         2644    i.HAL_UART_ErrorCallback  stm32f1xx_hal_uart.o
    0x0800178a   0x0800178a   0x00000062   Code   RO         2648    i.HAL_UART_Init     stm32f1xx_hal_uart.o
    0x080017ec   0x080017ec   0x000000a0   Code   RO          655    i.HAL_UART_MspInit  stm32f1xx_hal_msp.o
    0x0800188c   0x0800188c   0x00000098   Code   RO         2652    i.HAL_UART_Receive_DMA  stm32f1xx_hal_uart.o
    0x08001924   0x08001924   0x00000058   Code   RO           14    i.HAL_UART_RxCpltCallback  main.o
    0x0800197c   0x0800197c   0x00000002   Code   RO         2655    i.HAL_UART_RxHalfCpltCallback  stm32f1xx_hal_uart.o
    0x0800197e   0x0800197e   0x000000ba   Code   RO         2656    i.HAL_UART_Transmit  stm32f1xx_hal_uart.o
    0x08001a38   0x08001a38   0x00000002   Code   RO          560    i.HardFault_Handler  stm32f1xx_it.o
    0x08001a3a   0x08001a3a   0x00000002   PAD
    0x08001a3c   0x08001a3c   0x0000000c   Code   RO          561    i.I2C1_EV_IRQHandler  stm32f1xx_it.o
    0x08001a48   0x08001a48   0x0000007e   Code   RO         2214    i.I2C_DMAAbort      stm32f1xx_hal_i2c.o
    0x08001ac6   0x08001ac6   0x00000002   PAD
    0x08001ac8   0x08001ac8   0x00000140   Code   RO         2217    i.I2C_ITError       stm32f1xx_hal_i2c.o
    0x08001c08   0x08001c08   0x000000d2   Code   RO         2219    i.I2C_MasterReceive_BTF  stm32f1xx_hal_i2c.o
    0x08001cda   0x08001cda   0x00000092   Code   RO         2220    i.I2C_MasterReceive_RXNE  stm32f1xx_hal_i2c.o
    0x08001d6c   0x08001d6c   0x00000082   Code   RO         2223    i.I2C_MasterTransmit_BTF  stm32f1xx_hal_i2c.o
    0x08001dee   0x08001dee   0x00000002   PAD
    0x08001df0   0x08001df0   0x00000104   Code   RO         2224    i.I2C_MasterTransmit_TXE  stm32f1xx_hal_i2c.o
    0x08001ef4   0x08001ef4   0x00000158   Code   RO         2225    i.I2C_Master_ADDR   stm32f1xx_hal_i2c.o
    0x0800204c   0x0800204c   0x0000008e   Code   RO         2226    i.I2C_Master_SB     stm32f1xx_hal_i2c.o
    0x080020da   0x080020da   0x00000002   PAD
    0x080020dc   0x080020dc   0x0000015c   Code   RO         2230    i.I2C_Slave_STOPF   stm32f1xx_hal_i2c.o
    0x08002238   0x08002238   0x00000038   Code   RO          430    i.IntToUnicode      usbd_desc.o
    0x08002270   0x08002270   0x00000054   Code   RO          170    i.MX_USB_DEVICE_Init  usb_device.o
    0x080022c4   0x080022c4   0x00000002   Code   RO          562    i.MemManage_Handler  stm32f1xx_it.o
    0x080022c6   0x080022c6   0x00000002   Code   RO          563    i.NMI_Handler       stm32f1xx_it.o
    0x080022c8   0x080022c8   0x000002c2   Code   RO          768    i.PCD_EP_ISR_Handler  stm32f1xx_hal_pcd.o
    0x0800258a   0x0800258a   0x00000002   Code   RO          564    i.PendSV_Handler    stm32f1xx_it.o
    0x0800258c   0x0800258c   0x00000002   Code   RO          565    i.SVC_Handler       stm32f1xx_it.o
    0x0800258e   0x0800258e   0x00000004   Code   RO          566    i.SysTick_Handler   stm32f1xx_it.o
    0x08002592   0x08002592   0x00000060   Code   RO           15    i.SystemClock_Config  main.o
    0x080025f2   0x080025f2   0x00000002   PAD
    0x080025f4   0x080025f4   0x00000048   Code   RO         2950    i.SystemInit        system_stm32f1xx.o
    0x0800263c   0x0800263c   0x0000004a   Code   RO         2662    i.UART_DMAError     stm32f1xx_hal_uart.o
    0x08002686   0x08002686   0x0000003c   Code   RO         2663    i.UART_DMAReceiveCplt  stm32f1xx_hal_uart.o
    0x080026c2   0x080026c2   0x0000000a   Code   RO         2665    i.UART_DMARxHalfCplt  stm32f1xx_hal_uart.o
    0x080026cc   0x080026cc   0x0000001c   Code   RO         2671    i.UART_EndRxTransfer  stm32f1xx_hal_uart.o
    0x080026e8   0x080026e8   0x00000012   Code   RO         2672    i.UART_EndTxTransfer  stm32f1xx_hal_uart.o
    0x080026fa   0x080026fa   0x00000002   PAD
    0x080026fc   0x080026fc   0x000000b8   Code   RO         2674    i.UART_SetConfig    stm32f1xx_hal_uart.o
    0x080027b4   0x080027b4   0x00000064   Code   RO         2676    i.UART_WaitOnFlagUntilTimeout  stm32f1xx_hal_uart.o
    0x08002818   0x08002818   0x0000000e   Code   RO         3250    i.USBD_CUSTOM_HID_DataIn  usbd_customhid.o
    0x08002826   0x08002826   0x00000024   Code   RO         3251    i.USBD_CUSTOM_HID_DataOut  usbd_customhid.o
    0x0800284a   0x0800284a   0x00000038   Code   RO         3252    i.USBD_CUSTOM_HID_DeInit  usbd_customhid.o
    0x08002882   0x08002882   0x00000022   Code   RO         3253    i.USBD_CUSTOM_HID_EP0_RxReady  usbd_customhid.o
    0x080028a4   0x080028a4   0x0000000c   Code   RO         3254    i.USBD_CUSTOM_HID_GetDeviceQualifierDesc  usbd_customhid.o
    0x080028b0   0x080028b0   0x0000000c   Code   RO         3255    i.USBD_CUSTOM_HID_GetFSCfgDesc  usbd_customhid.o
    0x080028bc   0x080028bc   0x0000000c   Code   RO         3256    i.USBD_CUSTOM_HID_GetHSCfgDesc  usbd_customhid.o
    0x080028c8   0x080028c8   0x0000000c   Code   RO         3257    i.USBD_CUSTOM_HID_GetOtherSpeedCfgDesc  usbd_customhid.o
    0x080028d4   0x080028d4   0x00000054   Code   RO         3258    i.USBD_CUSTOM_HID_Init  usbd_customhid.o
    0x08002928   0x08002928   0x00000010   Code   RO         3259    i.USBD_CUSTOM_HID_RegisterInterface  usbd_customhid.o
    0x08002938   0x08002938   0x0000002c   Code   RO         3260    i.USBD_CUSTOM_HID_SendReport  usbd_customhid.o
    0x08002964   0x08002964   0x000000e0   Code   RO         3261    i.USBD_CUSTOM_HID_Setup  usbd_customhid.o
    0x08002a44   0x08002a44   0x0000000e   Code   RO         2987    i.USBD_ClrClassConfig  usbd_core.o
    0x08002a52   0x08002a52   0x00000010   Code   RO         3190    i.USBD_CtlContinueRx  usbd_ioreq.o
    0x08002a62   0x08002a62   0x00000010   Code   RO         3191    i.USBD_CtlContinueSendData  usbd_ioreq.o
    0x08002a72   0x08002a72   0x00000016   Code   RO         3125    i.USBD_CtlError     usbd_ctlreq.o
    0x08002a88   0x08002a88   0x0000001e   Code   RO         3192    i.USBD_CtlPrepareRx  usbd_ioreq.o
    0x08002aa6   0x08002aa6   0x00000016   Code   RO         3193    i.USBD_CtlReceiveStatus  usbd_ioreq.o
    0x08002abc   0x08002abc   0x0000001a   Code   RO         3194    i.USBD_CtlSendData  usbd_ioreq.o
    0x08002ad6   0x08002ad6   0x00000016   Code   RO         3195    i.USBD_CtlSendStatus  usbd_ioreq.o
    0x08002aec   0x08002aec   0x00000028   Code   RO          431    i.USBD_FS_ConfigStrDescriptor  usbd_desc.o
    0x08002b14   0x08002b14   0x0000000c   Code   RO          432    i.USBD_FS_DeviceDescriptor  usbd_desc.o
    0x08002b20   0x08002b20   0x0000002c   Code   RO          433    i.USBD_FS_InterfaceStrDescriptor  usbd_desc.o
    0x08002b4c   0x08002b4c   0x0000000c   Code   RO          434    i.USBD_FS_LangIDStrDescriptor  usbd_desc.o
    0x08002b58   0x08002b58   0x00000028   Code   RO          435    i.USBD_FS_ManufacturerStrDescriptor  usbd_desc.o
    0x08002b80   0x08002b80   0x00000034   Code   RO          436    i.USBD_FS_ProductStrDescriptor  usbd_desc.o
    0x08002bb4   0x08002bb4   0x00000038   Code   RO          437    i.USBD_FS_SerialStrDescriptor  usbd_desc.o
    0x08002bec   0x08002bec   0x000000e8   Code   RO         3126    i.USBD_GetDescriptor  usbd_ctlreq.o
    0x08002cd4   0x08002cd4   0x00000048   Code   RO         3127    i.USBD_GetString    usbd_ctlreq.o
    0x08002d1c   0x08002d1c   0x00000018   Code   RO          232    i.USBD_Get_USB_Status  usbd_conf.o
    0x08002d34   0x08002d34   0x0000002a   Code   RO         2989    i.USBD_Init         usbd_core.o
    0x08002d5e   0x08002d5e   0x00000012   Code   RO          233    i.USBD_LL_ClearStallEP  usbd_conf.o
    0x08002d70   0x08002d70   0x00000012   Code   RO          234    i.USBD_LL_CloseEP   usbd_conf.o
    0x08002d82   0x08002d82   0x000000c6   Code   RO         2990    i.USBD_LL_DataInStage  usbd_core.o
    0x08002e48   0x08002e48   0x00000082   Code   RO         2991    i.USBD_LL_DataOutStage  usbd_core.o
    0x08002eca   0x08002eca   0x00000002   PAD
    0x08002ecc   0x08002ecc   0x00000070   Code   RO          239    i.USBD_LL_Init      usbd_conf.o
    0x08002f3c   0x08002f3c   0x0000001c   Code   RO          240    i.USBD_LL_IsStallEP  usbd_conf.o
    0x08002f58   0x08002f58   0x00000018   Code   RO          241    i.USBD_LL_OpenEP    usbd_conf.o
    0x08002f70   0x08002f70   0x00000012   Code   RO          242    i.USBD_LL_PrepareReceive  usbd_conf.o
    0x08002f82   0x08002f82   0x00000050   Code   RO         2996    i.USBD_LL_Reset     usbd_core.o
    0x08002fd2   0x08002fd2   0x00000014   Code   RO         2997    i.USBD_LL_Resume    usbd_core.o
    0x08002fe6   0x08002fe6   0x00000018   Code   RO         2998    i.USBD_LL_SOF       usbd_core.o
    0x08002ffe   0x08002ffe   0x00000006   Code   RO         2999    i.USBD_LL_SetSpeed  usbd_core.o
    0x08003004   0x08003004   0x00000012   Code   RO          243    i.USBD_LL_SetUSBAddress  usbd_conf.o
    0x08003016   0x08003016   0x0000005a   Code   RO         3000    i.USBD_LL_SetupStage  usbd_core.o
    0x08003070   0x08003070   0x00000012   Code   RO          244    i.USBD_LL_StallEP   usbd_conf.o
    0x08003082   0x08003082   0x00000012   Code   RO          245    i.USBD_LL_Start     usbd_conf.o
    0x08003094   0x08003094   0x00000012   Code   RO         3001    i.USBD_LL_Suspend   usbd_core.o
    0x080030a6   0x080030a6   0x00000012   Code   RO          247    i.USBD_LL_Transmit  usbd_conf.o
    0x080030b8   0x080030b8   0x00000028   Code   RO         3128    i.USBD_ParseSetupRequest  usbd_ctlreq.o
    0x080030e0   0x080030e0   0x00000010   Code   RO         3002    i.USBD_RegisterClass  usbd_core.o
    0x080030f0   0x080030f0   0x00000016   Code   RO         3004    i.USBD_SetClassConfig  usbd_core.o
    0x08003106   0x08003106   0x00000002   PAD
    0x08003108   0x08003108   0x00000084   Code   RO         3129    i.USBD_SetConfig    usbd_ctlreq.o
    0x0800318c   0x0800318c   0x0000000a   Code   RO         3005    i.USBD_Start        usbd_core.o
    0x08003196   0x08003196   0x00000112   Code   RO         3130    i.USBD_StdDevReq    usbd_ctlreq.o
    0x080032a8   0x080032a8   0x00000150   Code   RO         3131    i.USBD_StdEPReq     usbd_ctlreq.o
    0x080033f8   0x080033f8   0x0000004e   Code   RO         3132    i.USBD_StdItfReq    usbd_ctlreq.o
    0x08003446   0x08003446   0x00000002   Code   RO          248    i.USBD_static_free  usbd_conf.o
    0x08003448   0x08003448   0x00000008   Code   RO          249    i.USBD_static_malloc  usbd_conf.o
    0x08003450   0x08003450   0x00000266   Code   RO          993    i.USB_ActivateEndpoint  stm32f1xx_ll_usb.o
    0x080036b6   0x080036b6   0x00000004   Code   RO          996    i.USB_CoreInit      stm32f1xx_ll_usb.o
    0x080036ba   0x080036ba   0x0000010e   Code   RO          998    i.USB_DeactivateEndpoint  stm32f1xx_ll_usb.o
    0x080037c8   0x080037c8   0x00000004   Code   RO          999    i.USB_DevConnect    stm32f1xx_ll_usb.o
    0x080037cc   0x080037cc   0x00000004   Code   RO         1000    i.USB_DevDisconnect  stm32f1xx_ll_usb.o
    0x080037d0   0x080037d0   0x0000001e   Code   RO         1001    i.USB_DevInit       stm32f1xx_ll_usb.o
    0x080037ee   0x080037ee   0x0000000e   Code   RO         1002    i.USB_DisableGlobalInt  stm32f1xx_ll_usb.o
    0x080037fc   0x080037fc   0x00000004   Code   RO         1003    i.USB_EP0_OutStart  stm32f1xx_ll_usb.o
    0x08003800   0x08003800   0x00000078   Code   RO         1004    i.USB_EPClearStall  stm32f1xx_ll_usb.o
    0x08003878   0x08003878   0x00000032   Code   RO         1005    i.USB_EPSetStall    stm32f1xx_ll_usb.o
    0x080038aa   0x080038aa   0x0000019c   Code   RO         1006    i.USB_EPStartXfer   stm32f1xx_ll_usb.o
    0x08003a46   0x08003a46   0x0000000e   Code   RO         1007    i.USB_EnableGlobalInt  stm32f1xx_ll_usb.o
    0x08003a54   0x08003a54   0x0000000c   Code   RO          567    i.USB_LP_CAN1_RX0_IRQHandler  stm32f1xx_it.o
    0x08003a60   0x08003a60   0x00000006   Code   RO         1014    i.USB_ReadInterrupts  stm32f1xx_ll_usb.o
    0x08003a66   0x08003a66   0x00000002   PAD
    0x08003a68   0x08003a68   0x0000002c   Code   RO         1015    i.USB_ReadPMA       stm32f1xx_ll_usb.o
    0x08003a94   0x08003a94   0x00000004   Code   RO         1017    i.USB_SetCurrentMode  stm32f1xx_ll_usb.o
    0x08003a98   0x08003a98   0x0000000c   Code   RO         1018    i.USB_SetDevAddress  stm32f1xx_ll_usb.o
    0x08003aa4   0x08003aa4   0x00000026   Code   RO         1021    i.USB_WritePMA      stm32f1xx_ll_usb.o
    0x08003aca   0x08003aca   0x00000002   Code   RO          568    i.UsageFault_Handler  stm32f1xx_it.o
    0x08003acc   0x08003acc   0x00000020   Code   RO         1678    i.__NVIC_SetPriority  stm32f1xx_hal_cortex.o
    0x08003aec   0x08003aec   0x0000000e   Code   RO         3363    i.__scatterload_copy  mc_w.l(handlers.o)
    0x08003afa   0x08003afa   0x00000002   Code   RO         3364    i.__scatterload_null  mc_w.l(handlers.o)
    0x08003afc   0x08003afc   0x0000000e   Code   RO         3365    i.__scatterload_zeroinit  mc_w.l(handlers.o)
    0x08003b0a   0x08003b0a   0x00000002   PAD
    0x08003b0c   0x08003b0c   0x00000128   Code   RO           16    i.main              main.o
    0x08003c34   0x08003c34   0x00000010   Data   RO         2951    .constdata          system_stm32f1xx.o
    0x08003c44   0x08003c44   0x00000008   Data   RO         2952    .constdata          system_stm32f1xx.o
    0x08003c4c   0x08003c4c   0x00000020   Data   RO         3361    Region$$Table       anon$$obj.o


    Execution Region RW_IRAM1 (Exec base: 0x20000000, Load base: 0x08003c6c, Size: 0x00000e28, Max: 0x00005000, ABSOLUTE, COMPRESSED[0x000000f8])

    Exec Addr    Load Addr    Size         Type   Attr      Idx    E Section Name        Object

    0x20000000   COMPRESSED   0x0000000e   Data   RW           19    .data               main.o
    0x2000000e   COMPRESSED   0x00000002   PAD
    0x20000010   COMPRESSED   0x0000001c   Data   RW          439    .data               usbd_desc.o
    0x2000002c   COMPRESSED   0x00000032   Data   RW          440    .data               usbd_desc.o
    0x2000005e   COMPRESSED   0x00000002   PAD
    0x20000060   COMPRESSED   0x00000065   Data   RW          519    .data               usbd_custom_hid_if.o
    0x200000c5   COMPRESSED   0x00000003   PAD
    0x200000c8   COMPRESSED   0x00000010   Data   RW          520    .data               usbd_custom_hid_if.o
    0x200000d8   COMPRESSED   0x0000000c   Data   RW         1215    .data               stm32f1xx_hal.o
    0x200000e4   COMPRESSED   0x00000004   Data   RW         2953    .data               system_stm32f1xx.o
    0x200000e8   COMPRESSED   0x00000001   Data   RW         3133    .data               usbd_ctlreq.o
    0x200000e9   COMPRESSED   0x00000003   PAD
    0x200000ec   COMPRESSED   0x00000038   Data   RW         3262    .data               usbd_customhid.o
    0x20000124   COMPRESSED   0x0000009a   Data   RW         3263    .data               usbd_customhid.o
    0x200001be   COMPRESSED   0x00000002   PAD
    0x200001c0        -       0x000000bc   Zero   RW           17    .bss                main.o
    0x2000027c        -       0x00000044   Zero   RW           18    .bss                main.o
    0x200002c0        -       0x000002c4   Zero   RW          171    .bss                usb_device.o
    0x20000584        -       0x000002a4   Zero   RW          250    .bss                usbd_conf.o
    0x20000828        -       0x00000200   Zero   RW          438    .bss                usbd_desc.o
    0x20000a28        -       0x00000400   Zero   RW            1    STACK               startup_stm32f103xb.o


==============================================================================

Image component sizes


      Code (inc. data)   RO Data    RW Data    ZI Data      Debug   Object Name

       482         38          0         14        256     421061   main.o
        36          8        236          0       1024        788   startup_stm32f103xb.o
       164         28          0         12          0       5785   stm32f1xx_hal.o
       198         14          0          0          0      28863   stm32f1xx_hal_cortex.o
       744         36          0          0          0       4781   stm32f1xx_hal_dma.o
       480         34          0          0          0       2236   stm32f1xx_hal_gpio.o
      3020         38          0          0          0      18093   stm32f1xx_hal_i2c.o
       328         42          0          0          0       2268   stm32f1xx_hal_msp.o
      1730          0          0          0          0       9573   stm32f1xx_hal_pcd.o
        52          0          0          0          0       1150   stm32f1xx_hal_pcd_ex.o
      1272        100          0          0          0       5116   stm32f1xx_hal_rcc.o
       236         12          0          0          0       1356   stm32f1xx_hal_rcc_ex.o
       914         20          0          0          0       8374   stm32f1xx_hal_uart.o
        56         18          0          0          0       4943   stm32f1xx_it.o
      1644          0          0          0          0      14317   stm32f1xx_ll_usb.o
        72         16         24          4          0       1115   system_stm32f1xx.o
        84         18          0          0        708       2182   usb_device.o
       520         28          0          0        676      12625   usbd_conf.o
       670          0          0          0          0       9283   usbd_core.o
      1186         28          0          1          0       7796   usbd_ctlreq.o
        12          0          0        117          0       1896   usbd_custom_hid_if.o
       556         32          0        210          0      10599   usbd_customhid.o
       312        128          0         78        512       5541   usbd_desc.o
       132          0          0          0          0       4232   usbd_ioreq.o

    ----------------------------------------------------------------------
     14930        638        292        448       3176     583973   Object Totals
         0          0         32          0          0          0   (incl. Generated)
        30          0          0         12          0          0   (incl. Padding)

    ----------------------------------------------------------------------

      Code (inc. data)   RO Data    RW Data    ZI Data      Debug   Library Member Name

        86          0          0          0          0          0   __dczerorl2.o
         0          0          0          0          0          0   entry.o
         0          0          0          0          0          0   entry10a.o
         0          0          0          0          0          0   entry11a.o
         8          4          0          0          0          0   entry2.o
         4          0          0          0          0          0   entry5.o
         0          0          0          0          0          0   entry7b.o
         0          0          0          0          0          0   entry8b.o
         8          4          0          0          0          0   entry9a.o
        30          0          0          0          0          0   handlers.o
        36          8          0          0          0         68   init.o
        36          0          0          0          0         68   memcpya.o
        36          0          0          0          0        108   memseta.o

    ----------------------------------------------------------------------
       246         16          0          0          0        244   Library Totals
         2          0          0          0          0          0   (incl. Padding)

    ----------------------------------------------------------------------

      Code (inc. data)   RO Data    RW Data    ZI Data      Debug   Library Name

       244         16          0          0          0        244   mc_w.l

    ----------------------------------------------------------------------
       246         16          0          0          0        244   Library Totals

    ----------------------------------------------------------------------

==============================================================================


      Code (inc. data)   RO Data    RW Data    ZI Data      Debug   

     15176        654        292        448       3176     575453   Grand Totals
     15176        654        292        248       3176     575453   ELF Image Totals (compressed)
     15176        654        292        248          0          0   ROM Totals

==============================================================================

    Total RO  Size (Code + RO Data)                15468 (  15.11kB)
    Total RW  Size (RW Data + ZI Data)              3624 (   3.54kB)
    Total ROM Size (Code + RO Data + RW Data)      15716 (  15.35kB)

==============================================================================

